[INFO] Scanning for projects...
[INFO] 
[INFO] -------------< com.inventory:inventory-management-service >-------------
[INFO] Building Inventory Management Service 1.0.0-SNAPSHOT
[INFO] --------------------------------[ jar ]---------------------------------
[INFO] 
[INFO] --- jacoco-maven-plugin:0.8.11:prepare-agent (default) @ inventory-management-service ---
[INFO] argLine set to "-javaagent:C:\\Users\\GaneshJ\\.m2\\repository\\org\\jacoco\\org.jacoco.agent\\0.8.11\\org.jacoco.agent-0.8.11-runtime.jar=destfile=C:\\Users\\GaneshJ\\Inventory Management Service\\target\\jacoco.exec"
[INFO] 
[INFO] --- maven-resources-plugin:3.2.0:resources (default-resources) @ inventory-management-service ---
[INFO] Using 'UTF-8' encoding to copy filtered resources.
[INFO] Using 'UTF-8' encoding to copy filtered properties files.
[INFO] Copying 1 resource
[INFO] Copying 1 resource
[INFO] 
[INFO] --- maven-compiler-plugin:3.10.1:compile (default-compile) @ inventory-management-service ---
[INFO] Nothing to compile - all classes are up to date
[INFO] 
[INFO] --- maven-resources-plugin:3.2.0:testResources (default-testResources) @ inventory-management-service ---
[INFO] Using 'UTF-8' encoding to copy filtered resources.
[INFO] Using 'UTF-8' encoding to copy filtered properties files.
[INFO] Copying 1 resource
[INFO] 
[INFO] --- maven-compiler-plugin:3.10.1:testCompile (default-testCompile) @ inventory-management-service ---
[INFO] Nothing to compile - all classes are up to date
[INFO] 
[INFO] --- maven-surefire-plugin:2.22.2:test (default-test) @ inventory-management-service ---
[INFO] 
[INFO] -------------------------------------------------------
[INFO]  T E S T S
[INFO] -------------------------------------------------------
[INFO] Running com.inventory.management.controller.CategoryControllerTest
14:27:31.348 [main] DEBUG org.springframework.test.context.BootstrapUtils - Instantiating CacheAwareContextLoaderDelegate from class [org.springframework.test.context.cache.DefaultCacheAwareContextLoaderDelegate]
14:27:31.369 [main] DEBUG org.springframework.test.context.BootstrapUtils - Instantiating BootstrapContext using constructor [public org.springframework.test.context.support.DefaultBootstrapContext(java.lang.Class,org.springframework.test.context.CacheAwareContextLoaderDelegate)]
14:27:31.455 [main] DEBUG org.springframework.test.context.BootstrapUtils - Instantiating TestContextBootstrapper for test class [com.inventory.management.controller.CategoryControllerTest] from class [org.springframework.boot.test.autoconfigure.web.servlet.WebMvcTestContextBootstrapper]
14:27:31.476 [main] INFO org.springframework.boot.test.autoconfigure.web.servlet.WebMvcTestContextBootstrapper - Neither @ContextConfiguration nor @ContextHierarchy found for test class [com.inventory.management.controller.CategoryControllerTest], using SpringBootContextLoader
14:27:31.484 [main] DEBUG org.springframework.test.context.support.AbstractContextLoader - Did not detect default resource location for test class [com.inventory.management.controller.CategoryControllerTest]: class path resource [com/inventory/management/controller/CategoryControllerTest-context.xml] does not exist
14:27:31.484 [main] DEBUG org.springframework.test.context.support.AbstractContextLoader - Did not detect default resource location for test class [com.inventory.management.controller.CategoryControllerTest]: class path resource [com/inventory/management/controller/CategoryControllerTestContext.groovy] does not exist
14:27:31.485 [main] INFO org.springframework.test.context.support.AbstractContextLoader - Could not detect default resource locations for test class [com.inventory.management.controller.CategoryControllerTest]: no resource found for suffixes {-context.xml, Context.groovy}.
14:27:31.486 [main] INFO org.springframework.test.context.support.AnnotationConfigContextLoaderUtils - Could not detect default configuration classes for test class [com.inventory.management.controller.CategoryControllerTest]: CategoryControllerTest does not declare any static, non-private, non-final, nested classes annotated with @Configuration.
14:27:31.757 [main] DEBUG org.springframework.context.annotation.ClassPathScanningCandidateComponentProvider - Identified candidate component class: file [C:\Users\GaneshJ\Inventory Management Service\target\classes\com\inventory\management\InventoryManagementApplication.class]
14:27:31.758 [main] INFO org.springframework.boot.test.context.SpringBootTestContextBootstrapper - Found @SpringBootConfiguration com.inventory.management.InventoryManagementApplication for test class com.inventory.management.controller.CategoryControllerTest
14:27:31.761 [main] DEBUG org.springframework.boot.test.autoconfigure.web.servlet.WebMvcTestContextBootstrapper - @TestExecutionListeners is not present for class [com.inventory.management.controller.CategoryControllerTest]: using defaults.
14:27:31.761 [main] INFO org.springframework.boot.test.autoconfigure.web.servlet.WebMvcTestContextBootstrapper - Loaded default TestExecutionListener class names from location [META-INF/spring.factories]: [org.springframework.boot.test.mock.mockito.MockitoTestExecutionListener, org.springframework.boot.test.mock.mockito.ResetMocksTestExecutionListener, org.springframework.boot.test.autoconfigure.restdocs.RestDocsTestExecutionListener, org.springframework.boot.test.autoconfigure.web.client.MockRestServiceServerResetTestExecutionListener, org.springframework.boot.test.autoconfigure.web.servlet.MockMvcPrintOnlyOnFailureTestExecutionListener, org.springframework.boot.test.autoconfigure.web.servlet.WebDriverTestExecutionListener, org.springframework.boot.test.autoconfigure.webservices.client.MockWebServiceServerTestExecutionListener, org.springframework.test.context.web.ServletTestExecutionListener, org.springframework.test.context.support.DirtiesContextBeforeModesTestExecutionListener, org.springframework.test.context.event.ApplicationEventsTestExecutionListener, org.springframework.test.context.support.DependencyInjectionTestExecutionListener, org.springframework.test.context.support.DirtiesContextTestExecutionListener, org.springframework.test.context.transaction.TransactionalTestExecutionListener, org.springframework.test.context.jdbc.SqlScriptsTestExecutionListener, org.springframework.test.context.event.EventPublishingTestExecutionListener]
14:27:31.790 [main] INFO org.springframework.boot.test.autoconfigure.web.servlet.WebMvcTestContextBootstrapper - Using TestExecutionListeners: [org.springframework.test.context.web.ServletTestExecutionListener@3fef1e6b, org.springframework.test.context.support.DirtiesContextBeforeModesTestExecutionListener@4fee14b, org.springframework.test.context.event.ApplicationEventsTestExecutionListener@11c3d22f, org.springframework.boot.test.mock.mockito.MockitoTestExecutionListener@3a54638b, org.springframework.boot.test.autoconfigure.SpringBootDependencyInjectionTestExecutionListener@7d8f2eec, org.springframework.test.context.support.DirtiesContextTestExecutionListener@e886caf, org.springframework.test.context.transaction.TransactionalTestExecutionListener@1d585fb, org.springframework.test.context.jdbc.SqlScriptsTestExecutionListener@1884e671, org.springframework.test.context.event.EventPublishingTestExecutionListener@1c7843c3, org.springframework.boot.test.mock.mockito.ResetMocksTestExecutionListener@5158a9f7, org.springframework.boot.test.autoconfigure.restdocs.RestDocsTestExecutionListener@7c8f047a, org.springframework.boot.test.autoconfigure.web.client.MockRestServiceServerResetTestExecutionListener@4387d2f4, org.springframework.boot.test.autoconfigure.web.servlet.MockMvcPrintOnlyOnFailureTestExecutionListener@1dbff71c, org.springframework.boot.test.autoconfigure.web.servlet.WebDriverTestExecutionListener@93ce24d, org.springframework.boot.test.autoconfigure.webservices.client.MockWebServiceServerTestExecutionListener@d949bc4]
14:27:31.794 [main] DEBUG org.springframework.test.context.support.AbstractDirtiesContextTestExecutionListener - Before test class: context [DefaultTestContext@4f581211 testClass = CategoryControllerTest, testInstance = [null], testMethod = [null], testException = [null], mergedContextConfiguration = [WebMergedContextConfiguration@e0847a9 testClass = CategoryControllerTest, locations = '{}', classes = '{class com.inventory.management.InventoryManagementApplication}', contextInitializerClasses = '[]', activeProfiles = '{test}', propertySourceLocations = '{}', propertySourceProperties = '{org.springframework.boot.test.autoconfigure.web.servlet.WebMvcTestContextBootstrapper=true}', contextCustomizers = set[[ImportsContextCustomizer@51743cc0 key = [org.springframework.boot.autoconfigure.task.TaskExecutionAutoConfiguration, org.springframework.boot.autoconfigure.cache.CacheAutoConfiguration, org.springframework.boot.autoconfigure.web.servlet.HttpEncodingAutoConfiguration, org.springframework.boot.autoconfigure.validation.ValidationAutoConfiguration, org.springframework.boot.autoconfigure.context.MessageSourceAutoConfiguration, org.springframework.boot.autoconfigure.hateoas.HypermediaAutoConfiguration, org.springframework.boot.autoconfigure.data.web.SpringDataWebAutoConfiguration, org.springframework.boot.autoconfigure.jackson.JacksonAutoConfiguration, org.springframework.boot.test.autoconfigure.web.reactive.WebTestClientAutoConfiguration, org.springframework.boot.autoconfigure.web.servlet.error.ErrorMvcAutoConfiguration, org.springframework.boot.test.autoconfigure.web.servlet.MockMvcAutoConfiguration, org.springframework.boot.autoconfigure.security.servlet.SecurityAutoConfiguration, org.springframework.boot.autoconfigure.security.servlet.SecurityFilterAutoConfiguration, org.springframework.boot.autoconfigure.http.HttpMessageConvertersAutoConfiguration, org.springframework.boot.autoconfigure.security.oauth2.client.servlet.OAuth2ClientAutoConfiguration, org.springframework.boot.test.autoconfigure.web.servlet.MockMvcSecurityConfiguration, org.springframework.boot.test.autoconfigure.web.servlet.MockMvcWebClientAutoConfiguration, org.springframework.boot.test.autoconfigure.web.servlet.MockMvcWebDriverAutoConfiguration, org.springframework.boot.autoconfigure.thymeleaf.ThymeleafAutoConfiguration, org.springframework.boot.autoconfigure.gson.GsonAutoConfiguration, org.springframework.boot.autoconfigure.jsonb.JsonbAutoConfiguration, org.springframework.boot.autoconfigure.freemarker.FreeMarkerAutoConfiguration, org.springframework.boot.autoconfigure.web.servlet.WebMvcAutoConfiguration, org.springframework.boot.autoconfigure.security.servlet.UserDetailsServiceAutoConfiguration, org.springframework.boot.autoconfigure.security.oauth2.resource.servlet.OAuth2ResourceServerAutoConfiguration, org.springframework.boot.autoconfigure.groovy.template.GroovyTemplateAutoConfiguration, org.springframework.boot.autoconfigure.mustache.MustacheAutoConfiguration]], org.springframework.boot.test.context.filter.ExcludeFilterContextCustomizer@73893ec1, org.springframework.boot.test.json.DuplicateJsonObjectContextCustomizerFactory$DuplicateJsonObjectContextCustomizer@67e0fd6d, org.springframework.boot.test.mock.mockito.MockitoContextCustomizer@8d352a45, org.springframework.boot.test.autoconfigure.OverrideAutoConfigurationContextCustomizerFactory$DisableAutoConfigurationContextCustomizer@1b560eb0, org.springframework.boot.test.autoconfigure.actuate.metrics.MetricsExportContextCustomizerFactory$DisableMetricExportContextCustomizer@570a62a5, org.springframework.boot.test.autoconfigure.filter.TypeExcludeFiltersContextCustomizer@50963952, org.springframework.boot.test.autoconfigure.properties.PropertyMappingContextCustomizer@67536ef, org.springframework.boot.test.autoconfigure.web.servlet.WebDriverContextCustomizerFactory$Customizer@6d4a82, org.springframework.boot.test.context.SpringBootTestArgs@1, org.springframework.boot.test.context.SpringBootTestWebEnvironment@0], resourceBasePath = 'src/main/webapp', contextLoader = 'org.springframework.boot.test.context.SpringBootContextLoader', parent = [null]], attributes = map[[empty]]], class annotated with @DirtiesContext [false] with mode [null].

  .   ____          _            __ _ _
 /\\ / ___'_ __ _ _(_)_ __  __ _ \ \ \ \
( ( )\___ | '_ | '_| | '_ \/ _` | \ \ \ \
 \\/  ___)| |_)| | | | | || (_| |  ) ) ) )
  '  |____| .__|_| |_|_| |_\__, | / / / /
 =========|_|==============|___/=/_/_/_/
 :: Spring Boot ::               (v2.7.18)

2026-01-04 14:27:32.399  INFO 37216 --- [           main] c.i.m.controller.CategoryControllerTest  : Starting CategoryControllerTest using Java 1.8.0_452 on GaneshJ-Win with PID 37216 (started by GaneshJ in C:\Users\GaneshJ\Inventory Management Service)
2026-01-04 14:27:32.402 DEBUG 37216 --- [           main] c.i.m.controller.CategoryControllerTest  : Running with Spring Boot v2.7.18, Spring v5.3.31
2026-01-04 14:27:32.402  INFO 37216 --- [           main] c.i.m.controller.CategoryControllerTest  : The following 1 profile is active: "test"
2026-01-04 14:27:35.611  INFO 37216 --- [           main] o.s.b.t.m.w.SpringBootMockServletContext : Initializing Spring TestDispatcherServlet ''
2026-01-04 14:27:35.612  INFO 37216 --- [           main] o.s.t.web.servlet.TestDispatcherServlet  : Initializing Servlet ''
2026-01-04 14:27:35.614  INFO 37216 --- [           main] o.s.t.web.servlet.TestDispatcherServlet  : Completed initialization in 2 ms
2026-01-04 14:27:35.688  INFO 37216 --- [           main] c.i.m.controller.CategoryControllerTest  : Started CategoryControllerTest in 3.831 seconds (JVM running for 5.55)
2026-01-04 14:27:36.431  INFO 37216 --- [           main] c.i.m.controller.CategoryController      : REST request to update category with ID: 999
2026-01-04 14:27:36.898  WARN 37216 --- [           main] c.i.m.exception.GlobalExceptionHandler   : [ErrorID: 30e83ca1-47bf-4d7e-bc48-88583481124f] Resource not found: Category not found with id: '999'
2026-01-04 14:27:36.997  WARN 37216 --- [           main] c.i.m.exception.GlobalExceptionHandler   : [ErrorID: dfa96ee2-bf36-48f4-80f5-63f5bfac1092] Validation failed for 1 field(s): description: Description cannot exceed 500 characters
2026-01-04 14:27:37.011  INFO 37216 --- [           main] c.i.m.controller.CategoryController      : REST request to get all categories
2026-01-04 14:27:37.039  WARN 37216 --- [           main] c.i.m.exception.GlobalExceptionHandler   : [ErrorID: 838f543b-0223-49f2-b3c2-d5bc3fe83969] Validation failed for 1 field(s): name: Category name must be between 2 and 100 characters
2026-01-04 14:27:37.046  INFO 37216 --- [           main] c.i.m.controller.CategoryController      : REST request to delete category with ID: 999
2026-01-04 14:27:37.046  WARN 37216 --- [           main] c.i.m.exception.GlobalExceptionHandler   : [ErrorID: fe4847d6-d344-47bc-8e40-7a9c157e5854] Resource not found: Category not found with id: '999'
2026-01-04 14:27:37.053  INFO 37216 --- [           main] c.i.m.controller.CategoryController      : REST request to get category with ID: 999
2026-01-04 14:27:37.054  WARN 37216 --- [           main] c.i.m.exception.GlobalExceptionHandler   : [ErrorID: cf2f55c0-1beb-486e-a5d8-bc65f6d37597] Resource not found: Category not found with id: '999'
2026-01-04 14:27:37.060  INFO 37216 --- [           main] c.i.m.controller.CategoryController      : REST request to update category with ID: 1
2026-01-04 14:27:37.061  WARN 37216 --- [           main] c.i.m.exception.GlobalExceptionHandler   : [ErrorID: 7259acdb-7028-438d-8aea-0be372bf6246] Validation error: Category with name 'Electronics' already exists
2026-01-04 14:27:37.069  INFO 37216 --- [           main] c.i.m.controller.CategoryController      : REST request to create category: Electronics
2026-01-04 14:27:37.070  WARN 37216 --- [           main] c.i.m.exception.GlobalExceptionHandler   : [ErrorID: 0a46d767-be9e-4075-9477-645c937ea9ba] Validation error: Category with name 'Electronics' already exists
2026-01-04 14:27:37.080  INFO 37216 --- [           main] c.i.m.controller.CategoryController      : REST request to create category: Electronics
2026-01-04 14:27:37.091  INFO 37216 --- [           main] c.i.m.controller.CategoryController      : REST request to get all categories
2026-01-04 14:27:37.102  INFO 37216 --- [           main] c.i.m.controller.CategoryController      : REST request to update category with ID: 1
2026-01-04 14:27:37.111  INFO 37216 --- [           main] c.i.m.controller.CategoryController      : REST request to delete category with ID: 1
2026-01-04 14:27:37.112  WARN 37216 --- [           main] c.i.m.exception.GlobalExceptionHandler   : [ErrorID: 0c639ae8-8f04-4915-a965-062f9e51669f] Validation error: Cannot delete category 'Electronics' because it has associated products. Please delete or reassign the products first.
2026-01-04 14:27:37.122  WARN 37216 --- [           main] c.i.m.exception.GlobalExceptionHandler   : [ErrorID: f46952b8-02cc-4be5-a121-65358fc9c03d] Validation failed for 2 field(s): name: Category name is required, name: Category name must be between 2 and 100 characters
2026-01-04 14:27:37.134  WARN 37216 --- [           main] c.i.m.exception.GlobalExceptionHandler   : [ErrorID: c23c069c-a386-4b5a-bfa0-3624eba90f36] Validation failed for 2 field(s): name: Category name is required, name: Category name must be between 2 and 100 characters
2026-01-04 14:27:37.145  INFO 37216 --- [           main] c.i.m.controller.CategoryController      : REST request to delete category with ID: 1
2026-01-04 14:27:37.154  INFO 37216 --- [           main] c.i.m.controller.CategoryController      : REST request to get category with ID: 1
2026-01-04 14:27:37.161  WARN 37216 --- [           main] c.i.m.exception.GlobalExceptionHandler   : [ErrorID: cdc13c8d-7a44-48ba-82f9-d685870cc142] Validation failed for 1 field(s): name: Category name must be between 2 and 100 characters
[INFO] Tests run: 17, Failures: 0, Errors: 0, Skipped: 0, Time elapsed: 5.944 s - in com.inventory.management.controller.CategoryControllerTest
[INFO] Running com.inventory.management.controller.ProductControllerTest
2026-01-04 14:27:37.170  INFO 37216 --- [           main] .b.t.a.w.s.WebMvcTestContextBootstrapper : Neither @ContextConfiguration nor @ContextHierarchy found for test class [com.inventory.management.controller.ProductControllerTest], using SpringBootContextLoader
2026-01-04 14:27:37.171  INFO 37216 --- [           main] o.s.t.c.support.AbstractContextLoader    : Could not detect default resource locations for test class [com.inventory.management.controller.ProductControllerTest]: no resource found for suffixes {-context.xml, Context.groovy}.
2026-01-04 14:27:37.171  INFO 37216 --- [           main] t.c.s.AnnotationConfigContextLoaderUtils : Could not detect default configuration classes for test class [com.inventory.management.controller.ProductControllerTest]: ProductControllerTest does not declare any static, non-private, non-final, nested classes annotated with @Configuration.
2026-01-04 14:27:37.179  INFO 37216 --- [           main] .b.t.c.SpringBootTestContextBootstrapper : Found @SpringBootConfiguration com.inventory.management.InventoryManagementApplication for test class com.inventory.management.controller.ProductControllerTest
2026-01-04 14:27:37.180  INFO 37216 --- [           main] .b.t.a.w.s.WebMvcTestContextBootstrapper : Loaded default TestExecutionListener class names from location [META-INF/spring.factories]: [org.springframework.boot.test.mock.mockito.MockitoTestExecutionListener, org.springframework.boot.test.mock.mockito.ResetMocksTestExecutionListener, org.springframework.boot.test.autoconfigure.restdocs.RestDocsTestExecutionListener, org.springframework.boot.test.autoconfigure.web.client.MockRestServiceServerResetTestExecutionListener, org.springframework.boot.test.autoconfigure.web.servlet.MockMvcPrintOnlyOnFailureTestExecutionListener, org.springframework.boot.test.autoconfigure.web.servlet.WebDriverTestExecutionListener, org.springframework.boot.test.autoconfigure.webservices.client.MockWebServiceServerTestExecutionListener, org.springframework.test.context.web.ServletTestExecutionListener, org.springframework.test.context.support.DirtiesContextBeforeModesTestExecutionListener, org.springframework.test.context.event.ApplicationEventsTestExecutionListener, org.springframework.test.context.support.DependencyInjectionTestExecutionListener, org.springframework.test.context.support.DirtiesContextTestExecutionListener, org.springframework.test.context.transaction.TransactionalTestExecutionListener, org.springframework.test.context.jdbc.SqlScriptsTestExecutionListener, org.springframework.test.context.event.EventPublishingTestExecutionListener]
2026-01-04 14:27:37.181  INFO 37216 --- [           main] .b.t.a.w.s.WebMvcTestContextBootstrapper : Using TestExecutionListeners: [org.springframework.test.context.web.ServletTestExecutionListener@3398a19a, org.springframework.test.context.support.DirtiesContextBeforeModesTestExecutionListener@f4c02dd, org.springframework.test.context.event.ApplicationEventsTestExecutionListener@53b0810f, org.springframework.boot.test.mock.mockito.MockitoTestExecutionListener@6b462f42, org.springframework.boot.test.autoconfigure.SpringBootDependencyInjectionTestExecutionListener@1d24c7c1, org.springframework.test.context.support.DirtiesContextTestExecutionListener@72916452, org.springframework.test.context.transaction.TransactionalTestExecutionListener@257e2bf6, org.springframework.test.context.jdbc.SqlScriptsTestExecutionListener@7f182c24, org.springframework.test.context.event.EventPublishingTestExecutionListener@44b9f6c9, org.springframework.boot.test.mock.mockito.ResetMocksTestExecutionListener@3df3a9f8, org.springframework.boot.test.autoconfigure.restdocs.RestDocsTestExecutionListener@6906142b, org.springframework.boot.test.autoconfigure.web.client.MockRestServiceServerResetTestExecutionListener@57c17c23, org.springframework.boot.test.autoconfigure.web.servlet.MockMvcPrintOnlyOnFailureTestExecutionListener@5cc5c7ac, org.springframework.boot.test.autoconfigure.web.servlet.WebDriverTestExecutionListener@7cd919a5, org.springframework.boot.test.autoconfigure.webservices.client.MockWebServiceServerTestExecutionListener@25a7ed59]

  .   ____          _            __ _ _
 /\\ / ___'_ __ _ _(_)_ __  __ _ \ \ \ \
( ( )\___ | '_ | '_| | '_ \/ _` | \ \ \ \
 \\/  ___)| |_)| | | | | || (_| |  ) ) ) )
  '  |____| .__|_| |_|_| |_\__, | / / / /
 =========|_|==============|___/=/_/_/_/
 :: Spring Boot ::               (v2.7.18)

2026-01-04 14:27:37.247  INFO 37216 --- [           main] c.i.m.controller.ProductControllerTest   : Starting ProductControllerTest using Java 1.8.0_452 on GaneshJ-Win with PID 37216 (started by GaneshJ in C:\Users\GaneshJ\Inventory Management Service)
2026-01-04 14:27:37.247 DEBUG 37216 --- [           main] c.i.m.controller.ProductControllerTest   : Running with Spring Boot v2.7.18, Spring v5.3.31
2026-01-04 14:27:37.247  INFO 37216 --- [           main] c.i.m.controller.ProductControllerTest   : The following 1 profile is active: "test"
2026-01-04 14:27:38.040  INFO 37216 --- [           main] o.s.b.t.m.w.SpringBootMockServletContext : Initializing Spring TestDispatcherServlet ''
2026-01-04 14:27:38.041  INFO 37216 --- [           main] o.s.t.web.servlet.TestDispatcherServlet  : Initializing Servlet ''
2026-01-04 14:27:38.042  INFO 37216 --- [           main] o.s.t.web.servlet.TestDispatcherServlet  : Completed initialization in 1 ms
2026-01-04 14:27:38.062  INFO 37216 --- [           main] c.i.m.controller.ProductControllerTest   : Started ProductControllerTest in 0.878 seconds (JVM running for 7.925)
2026-01-04 14:27:38.128  INFO 37216 --- [           main] c.i.m.controller.ProductController       : REST request to search products: search=null, categoryId=null, page=0, size=20
2026-01-04 14:27:38.166  INFO 37216 --- [           main] c.i.m.controller.ProductController       : REST request to delete product with ID: 1
2026-01-04 14:27:38.217  INFO 37216 --- [           main] c.i.m.controller.ProductController       : REST request to create product: Laptop
2026-01-04 14:27:38.219  WARN 37216 --- [           main] c.i.m.exception.GlobalExceptionHandler   : [ErrorID: 92d7108f-4fbd-4882-b8dc-80f0e7a28fda] Resource not found: Category not found with id: '999'
2026-01-04 14:27:38.238  INFO 37216 --- [           main] c.i.m.controller.ProductController       : REST request to search products: search=nonexistent, categoryId=null, page=0, size=20
2026-01-04 14:27:38.255  INFO 37216 --- [           main] c.i.m.controller.ProductController       : REST request to create product: Laptop
2026-01-04 14:27:38.273  INFO 37216 --- [           main] c.i.m.controller.ProductController       : REST request to update product with ID: 1
2026-01-04 14:27:38.286  INFO 37216 --- [           main] c.i.m.controller.ProductController       : REST request to search products: search=null, categoryId=1, page=0, size=20
2026-01-04 14:27:38.299  WARN 37216 --- [           main] c.i.m.exception.GlobalExceptionHandler   : [ErrorID: 1b79af55-1e5d-4f18-a708-8f3e5fa3112e] Validation failed for 1 field(s): price: Price is required
2026-01-04 14:27:38.312  INFO 37216 --- [           main] c.i.m.controller.ProductController       : REST request to search products: search=null, categoryId=null, page=1, size=10
2026-01-04 14:27:38.328  INFO 37216 --- [           main] c.i.m.controller.ProductController       : REST request to update product with ID: 1
2026-01-04 14:27:38.329  WARN 37216 --- [           main] c.i.m.exception.GlobalExceptionHandler   : [ErrorID: 78ba9ef5-69d1-43c6-ab9b-61ac8a776858] Resource not found: Category not found with id: '999'
2026-01-04 14:27:38.340  INFO 37216 --- [           main] c.i.m.controller.ProductController       : REST request to get product with ID: 999
2026-01-04 14:27:38.342  WARN 37216 --- [           main] c.i.m.exception.GlobalExceptionHandler   : [ErrorID: fa437ea4-f1ae-4107-8d3e-8e0380cbd32d] Resource not found: Product not found with id: '999'
2026-01-04 14:27:38.355  WARN 37216 --- [           main] c.i.m.exception.GlobalExceptionHandler   : [ErrorID: eb4a29c8-dd9a-49c8-a41f-77ee7168dc1f] Validation failed for 1 field(s): categoryId: Category ID is required
2026-01-04 14:27:38.368  WARN 37216 --- [           main] c.i.m.exception.GlobalExceptionHandler   : [ErrorID: 2637734b-b30d-4d52-a08d-3d50808bc446] Validation failed for 1 field(s): price: Price must be greater than 0
2026-01-04 14:27:38.381  INFO 37216 --- [           main] c.i.m.controller.ProductController       : REST request to update product with ID: 999
2026-01-04 14:27:38.382  WARN 37216 --- [           main] c.i.m.exception.GlobalExceptionHandler   : [ErrorID: a11843de-5aff-496b-8c4c-b5e4f65ac369] Resource not found: Product not found with id: '999'
2026-01-04 14:27:38.393  WARN 37216 --- [           main] c.i.m.exception.GlobalExceptionHandler   : [ErrorID: 717b401a-6b49-4163-b5e8-c27fec87444c] Validation failed for 2 field(s): name: Product name must be between 2 and 200 characters, name: Product name is required
2026-01-04 14:27:38.403  INFO 37216 --- [           main] c.i.m.controller.ProductController       : REST request to search products: search=Laptop, categoryId=null, page=0, size=20
2026-01-04 14:27:38.412  INFO 37216 --- [           main] c.i.m.controller.ProductController       : REST request to get product with ID: 1
2026-01-04 14:27:38.423  INFO 37216 --- [           main] c.i.m.controller.ProductController       : REST request to search products: search=null, categoryId=null, page=0, size=20
2026-01-04 14:27:38.436  INFO 37216 --- [           main] c.i.m.controller.ProductController       : REST request to delete product with ID: 999
2026-01-04 14:27:38.437  WARN 37216 --- [           main] c.i.m.exception.GlobalExceptionHandler   : [ErrorID: 9a0e0be1-a73e-40a0-8bb1-18079abde9b2] Resource not found: Product not found with id: '999'
[INFO] Tests run: 19, Failures: 0, Errors: 0, Skipped: 0, Time elapsed: 1.254 s - in com.inventory.management.controller.ProductControllerTest
[INFO] Running com.inventory.management.controller.SkuControllerTest
2026-01-04 14:27:38.447  INFO 37216 --- [           main] .b.t.a.w.s.WebMvcTestContextBootstrapper : Neither @ContextConfiguration nor @ContextHierarchy found for test class [com.inventory.management.controller.SkuControllerTest], using SpringBootContextLoader
2026-01-04 14:27:38.448  INFO 37216 --- [           main] o.s.t.c.support.AbstractContextLoader    : Could not detect default resource locations for test class [com.inventory.management.controller.SkuControllerTest]: no resource found for suffixes {-context.xml, Context.groovy}.
2026-01-04 14:27:38.449  INFO 37216 --- [           main] t.c.s.AnnotationConfigContextLoaderUtils : Could not detect default configuration classes for test class [com.inventory.management.controller.SkuControllerTest]: SkuControllerTest does not declare any static, non-private, non-final, nested classes annotated with @Configuration.
2026-01-04 14:27:38.460  INFO 37216 --- [           main] .b.t.c.SpringBootTestContextBootstrapper : Found @SpringBootConfiguration com.inventory.management.InventoryManagementApplication for test class com.inventory.management.controller.SkuControllerTest
2026-01-04 14:27:38.461  INFO 37216 --- [           main] .b.t.a.w.s.WebMvcTestContextBootstrapper : Loaded default TestExecutionListener class names from location [META-INF/spring.factories]: [org.springframework.boot.test.mock.mockito.MockitoTestExecutionListener, org.springframework.boot.test.mock.mockito.ResetMocksTestExecutionListener, org.springframework.boot.test.autoconfigure.restdocs.RestDocsTestExecutionListener, org.springframework.boot.test.autoconfigure.web.client.MockRestServiceServerResetTestExecutionListener, org.springframework.boot.test.autoconfigure.web.servlet.MockMvcPrintOnlyOnFailureTestExecutionListener, org.springframework.boot.test.autoconfigure.web.servlet.WebDriverTestExecutionListener, org.springframework.boot.test.autoconfigure.webservices.client.MockWebServiceServerTestExecutionListener, org.springframework.test.context.web.ServletTestExecutionListener, org.springframework.test.context.support.DirtiesContextBeforeModesTestExecutionListener, org.springframework.test.context.event.ApplicationEventsTestExecutionListener, org.springframework.test.context.support.DependencyInjectionTestExecutionListener, org.springframework.test.context.support.DirtiesContextTestExecutionListener, org.springframework.test.context.transaction.TransactionalTestExecutionListener, org.springframework.test.context.jdbc.SqlScriptsTestExecutionListener, org.springframework.test.context.event.EventPublishingTestExecutionListener]
2026-01-04 14:27:38.461  INFO 37216 --- [           main] .b.t.a.w.s.WebMvcTestContextBootstrapper : Using TestExecutionListeners: [org.springframework.test.context.web.ServletTestExecutionListener@18f6525d, org.springframework.test.context.support.DirtiesContextBeforeModesTestExecutionListener@2a13034e, org.springframework.test.context.event.ApplicationEventsTestExecutionListener@5cd761b0, org.springframework.boot.test.mock.mockito.MockitoTestExecutionListener@71191d12, org.springframework.boot.test.autoconfigure.SpringBootDependencyInjectionTestExecutionListener@5bd7ddd6, org.springframework.test.context.support.DirtiesContextTestExecutionListener@69ecac91, org.springframework.test.context.transaction.TransactionalTestExecutionListener@e519afd, org.springframework.test.context.jdbc.SqlScriptsTestExecutionListener@3799e7a8, org.springframework.test.context.event.EventPublishingTestExecutionListener@5245b5e0, org.springframework.boot.test.mock.mockito.ResetMocksTestExecutionListener@5ec1031d, org.springframework.boot.test.autoconfigure.restdocs.RestDocsTestExecutionListener@5cc5ec4a, org.springframework.boot.test.autoconfigure.web.client.MockRestServiceServerResetTestExecutionListener@2499e4dd, org.springframework.boot.test.autoconfigure.web.servlet.MockMvcPrintOnlyOnFailureTestExecutionListener@5b8caf1b, org.springframework.boot.test.autoconfigure.web.servlet.WebDriverTestExecutionListener@d83969c, org.springframework.boot.test.autoconfigure.webservices.client.MockWebServiceServerTestExecutionListener@7e579cda]

  .   ____          _            __ _ _
 /\\ / ___'_ __ _ _(_)_ __  __ _ \ \ \ \
( ( )\___ | '_ | '_| | '_ \/ _` | \ \ \ \
 \\/  ___)| |_)| | | | | || (_| |  ) ) ) )
  '  |____| .__|_| |_|_| |_\__, | / / / /
 =========|_|==============|___/=/_/_/_/
 :: Spring Boot ::               (v2.7.18)

2026-01-04 14:27:38.545  INFO 37216 --- [           main] c.i.m.controller.SkuControllerTest       : Starting SkuControllerTest using Java 1.8.0_452 on GaneshJ-Win with PID 37216 (started by GaneshJ in C:\Users\GaneshJ\Inventory Management Service)
2026-01-04 14:27:38.546 DEBUG 37216 --- [           main] c.i.m.controller.SkuControllerTest       : Running with Spring Boot v2.7.18, Spring v5.3.31
2026-01-04 14:27:38.546  INFO 37216 --- [           main] c.i.m.controller.SkuControllerTest       : The following 1 profile is active: "test"
2026-01-04 14:27:39.243  INFO 37216 --- [           main] o.s.b.t.m.w.SpringBootMockServletContext : Initializing Spring TestDispatcherServlet ''
2026-01-04 14:27:39.244  INFO 37216 --- [           main] o.s.t.web.servlet.TestDispatcherServlet  : Initializing Servlet ''
2026-01-04 14:27:39.245  INFO 37216 --- [           main] o.s.t.web.servlet.TestDispatcherServlet  : Completed initialization in 0 ms
2026-01-04 14:27:39.264  INFO 37216 --- [           main] c.i.m.controller.SkuControllerTest       : Started SkuControllerTest in 0.799 seconds (JVM running for 9.126)
2026-01-04 14:27:39.320  WARN 37216 --- [           main] c.i.m.exception.GlobalExceptionHandler   : [ErrorID: b06c1a70-c500-47b7-b4d0-280d2f08e475] Validation failed for 1 field(s): skuCode: SKU code is required
2026-01-04 14:27:39.333  WARN 37216 --- [           main] c.i.m.exception.GlobalExceptionHandler   : [ErrorID: 1b1a7631-0ef0-4129-a7c2-d3b1fd0f84a3] Resource not found: SKU not found with id: '999'
2026-01-04 14:27:39.342  WARN 37216 --- [           main] c.i.m.exception.GlobalExceptionHandler   : [ErrorID: 159215b0-5469-4833-80f6-83c9c8ca6be0] Resource not found: SKU not found with id: '999'
2026-01-04 14:27:39.371  WARN 37216 --- [           main] c.i.m.exception.GlobalExceptionHandler   : [ErrorID: 30911ef5-ffe0-4587-ab3b-6b05d1ac9461] Validation failed for 1 field(s): productId: Product ID is required
2026-01-04 14:27:39.387  WARN 37216 --- [           main] c.i.m.exception.GlobalExceptionHandler   : [ErrorID: 2923443f-cedb-4061-8b42-9e2dba2d1972] Resource not found: Product not found with id: '999'
2026-01-04 14:27:39.404  WARN 37216 --- [           main] c.i.m.exception.GlobalExceptionHandler   : [ErrorID: 05c2d943-69ab-4d3f-9800-5dcd87d96202] Validation error: SKU code already exists: LAP-001
2026-01-04 14:27:39.412  WARN 37216 --- [           main] c.i.m.exception.GlobalExceptionHandler   : [ErrorID: 0641e98d-2d34-4fb0-b279-7d43d57441ca] Resource not found: Product not found with id: '999'
2026-01-04 14:27:39.420  WARN 37216 --- [           main] c.i.m.exception.GlobalExceptionHandler   : [ErrorID: dc342a7b-c61e-4a7d-9524-014476868930] Validation error: SKU code already exists: LAP-002
2026-01-04 14:27:39.428  WARN 37216 --- [           main] c.i.m.exception.GlobalExceptionHandler   : [ErrorID: c838f282-22de-4663-9be2-e4c58cfc3aca] Resource not found: Product not found with id: '999'
2026-01-04 14:27:39.443  WARN 37216 --- [           main] c.i.m.exception.GlobalExceptionHandler   : [ErrorID: 1accfb09-b53e-4a76-ab1e-b73f2226e9b4] Resource not found: SKU not found with id: '999'
[INFO] Tests run: 16, Failures: 0, Errors: 0, Skipped: 0, Time elapsed: 0.992 s - in com.inventory.management.controller.SkuControllerTest
[INFO] Running com.inventory.management.InventoryManagementApplicationTests
2026-01-04 14:27:39.449  INFO 37216 --- [           main] .b.t.c.SpringBootTestContextBootstrapper : Neither @ContextConfiguration nor @ContextHierarchy found for test class [com.inventory.management.InventoryManagementApplicationTests], using SpringBootContextLoader
2026-01-04 14:27:39.450  INFO 37216 --- [           main] o.s.t.c.support.AbstractContextLoader    : Could not detect default resource locations for test class [com.inventory.management.InventoryManagementApplicationTests]: no resource found for suffixes {-context.xml, Context.groovy}.
2026-01-04 14:27:39.450  INFO 37216 --- [           main] t.c.s.AnnotationConfigContextLoaderUtils : Could not detect default configuration classes for test class [com.inventory.management.InventoryManagementApplicationTests]: InventoryManagementApplicationTests does not declare any static, non-private, non-final, nested classes annotated with @Configuration.
2026-01-04 14:27:39.459  INFO 37216 --- [           main] .b.t.c.SpringBootTestContextBootstrapper : Found @SpringBootConfiguration com.inventory.management.InventoryManagementApplication for test class com.inventory.management.InventoryManagementApplicationTests
2026-01-04 14:27:39.465  INFO 37216 --- [           main] .b.t.c.SpringBootTestContextBootstrapper : Loaded default TestExecutionListener class names from location [META-INF/spring.factories]: [org.springframework.boot.test.mock.mockito.MockitoTestExecutionListener, org.springframework.boot.test.mock.mockito.ResetMocksTestExecutionListener, org.springframework.boot.test.autoconfigure.restdocs.RestDocsTestExecutionListener, org.springframework.boot.test.autoconfigure.web.client.MockRestServiceServerResetTestExecutionListener, org.springframework.boot.test.autoconfigure.web.servlet.MockMvcPrintOnlyOnFailureTestExecutionListener, org.springframework.boot.test.autoconfigure.web.servlet.WebDriverTestExecutionListener, org.springframework.boot.test.autoconfigure.webservices.client.MockWebServiceServerTestExecutionListener, org.springframework.test.context.web.ServletTestExecutionListener, org.springframework.test.context.support.DirtiesContextBeforeModesTestExecutionListener, org.springframework.test.context.event.ApplicationEventsTestExecutionListener, org.springframework.test.context.support.DependencyInjectionTestExecutionListener, org.springframework.test.context.support.DirtiesContextTestExecutionListener, org.springframework.test.context.transaction.TransactionalTestExecutionListener, org.springframework.test.context.jdbc.SqlScriptsTestExecutionListener, org.springframework.test.context.event.EventPublishingTestExecutionListener]
2026-01-04 14:27:39.466  INFO 37216 --- [           main] .b.t.c.SpringBootTestContextBootstrapper : Using TestExecutionListeners: [org.springframework.test.context.web.ServletTestExecutionListener@50334476, org.springframework.test.context.support.DirtiesContextBeforeModesTestExecutionListener@747236fd, org.springframework.test.context.event.ApplicationEventsTestExecutionListener@325c3f5f, org.springframework.boot.test.mock.mockito.MockitoTestExecutionListener@40f62aa2, org.springframework.boot.test.autoconfigure.SpringBootDependencyInjectionTestExecutionListener@a2cc63e, org.springframework.test.context.support.DirtiesContextTestExecutionListener@6f0ccc58, org.springframework.test.context.transaction.TransactionalTestExecutionListener@3cf9a021, org.springframework.test.context.jdbc.SqlScriptsTestExecutionListener@4dab3e26, org.springframework.test.context.event.EventPublishingTestExecutionListener@215a0c9b, org.springframework.boot.test.mock.mockito.ResetMocksTestExecutionListener@283d6ae4, org.springframework.boot.test.autoconfigure.restdocs.RestDocsTestExecutionListener@59343f6a, org.springframework.boot.test.autoconfigure.web.client.MockRestServiceServerResetTestExecutionListener@4dfa7064, org.springframework.boot.test.autoconfigure.web.servlet.MockMvcPrintOnlyOnFailureTestExecutionListener@3c359394, org.springframework.boot.test.autoconfigure.web.servlet.WebDriverTestExecutionListener@7f9ca4bc, org.springframework.boot.test.autoconfigure.webservices.client.MockWebServiceServerTestExecutionListener@72b0b4a]

  .   ____          _            __ _ _
 /\\ / ___'_ __ _ _(_)_ __  __ _ \ \ \ \
( ( )\___ | '_ | '_| | '_ \/ _` | \ \ \ \
 \\/  ___)| |_)| | | | | || (_| |  ) ) ) )
  '  |____| .__|_| |_|_| |_\__, | / / / /
 =========|_|==============|___/=/_/_/_/
 :: Spring Boot ::               (v2.7.18)

2026-01-04 14:27:39.512  INFO 37216 --- [           main] .i.m.InventoryManagementApplicationTests : Starting InventoryManagementApplicationTests using Java 1.8.0_452 on GaneshJ-Win with PID 37216 (started by GaneshJ in C:\Users\GaneshJ\Inventory Management Service)
2026-01-04 14:27:39.513 DEBUG 37216 --- [           main] .i.m.InventoryManagementApplicationTests : Running with Spring Boot v2.7.18, Spring v5.3.31
2026-01-04 14:27:39.513  INFO 37216 --- [           main] .i.m.InventoryManagementApplicationTests : The following 1 profile is active: "test"
2026-01-04 14:27:39.945  INFO 37216 --- [           main] .s.d.r.c.RepositoryConfigurationDelegate : Bootstrapping Spring Data JPA repositories in DEFAULT mode.
2026-01-04 14:27:40.052  INFO 37216 --- [           main] .s.d.r.c.RepositoryConfigurationDelegate : Finished Spring Data repository scanning in 92 ms. Found 3 JPA repository interfaces.
2026-01-04 14:27:41.213  INFO 37216 --- [           main] o.hibernate.jpa.internal.util.LogHelper  : HHH000204: Processing PersistenceUnitInfo [name: default]
2026-01-04 14:27:41.367  INFO 37216 --- [           main] org.hibernate.Version                    : HHH000412: Hibernate ORM core version 5.6.15.Final
2026-01-04 14:27:41.436  INFO 37216 --- [           main] o.hibernate.annotations.common.Version   : HCANN000001: Hibernate Commons Annotations {5.1.2.Final}
2026-01-04 14:27:41.644  WARN 37216 --- [           main] com.zaxxer.hikari.HikariConfig           : HikariPool-1 - idleTimeout has been set but has no effect because the pool is operating as a fixed size pool.
2026-01-04 14:27:41.644  INFO 37216 --- [           main] com.zaxxer.hikari.HikariDataSource       : HikariPool-1 - Starting...
2026-01-04 14:27:42.003  INFO 37216 --- [           main] com.zaxxer.hikari.HikariDataSource       : HikariPool-1 - Start completed.
2026-01-04 14:27:42.027  INFO 37216 --- [           main] org.hibernate.dialect.Dialect            : HHH000400: Using dialect: org.hibernate.dialect.H2Dialect
2026-01-04 14:27:42.880 DEBUG 37216 --- [           main] org.hibernate.SQL                        : 
    
    drop table if exists categories CASCADE 
Hibernate: 
    
    drop table if exists categories CASCADE 
2026-01-04 14:27:42.892 DEBUG 37216 --- [           main] org.hibernate.SQL                        : 
    
    drop table if exists products CASCADE 
Hibernate: 
    
    drop table if exists products CASCADE 
2026-01-04 14:27:42.894 DEBUG 37216 --- [           main] org.hibernate.SQL                        : 
    
    drop table if exists skus CASCADE 
Hibernate: 
    
    drop table if exists skus CASCADE 
2026-01-04 14:27:42.907 DEBUG 37216 --- [           main] org.hibernate.SQL                        : 
    
    create table categories (
       id bigint generated by default as identity,
        created_at timestamp not null,
        description varchar(500),
        name varchar(100) not null,
        updated_at timestamp not null,
        primary key (id)
    )
Hibernate: 
    
    create table categories (
       id bigint generated by default as identity,
        created_at timestamp not null,
        description varchar(500),
        name varchar(100) not null,
        updated_at timestamp not null,
        primary key (id)
    )
2026-01-04 14:27:42.941 DEBUG 37216 --- [           main] org.hibernate.SQL                        : 
    
    create table products (
       id bigint generated by default as identity,
        created_at timestamp not null,
        description varchar(1000),
        name varchar(200) not null,
        price numeric(10,2) not null,
        updated_at timestamp not null,
        category_id bigint not null,
        primary key (id)
    )
Hibernate: 
    
    create table products (
       id bigint generated by default as identity,
        created_at timestamp not null,
        description varchar(1000),
        name varchar(200) not null,
        price numeric(10,2) not null,
        updated_at timestamp not null,
        category_id bigint not null,
        primary key (id)
    )
2026-01-04 14:27:42.944 DEBUG 37216 --- [           main] org.hibernate.SQL                        : 
    
    create table skus (
       id bigint generated by default as identity,
        attributes jsonb,
        created_at timestamp not null,
        quantity integer not null check (quantity>=0),
        sku_code varchar(50) not null,
        updated_at timestamp not null,
        product_id bigint not null,
        primary key (id)
    )
Hibernate: 
    
    create table skus (
       id bigint generated by default as identity,
        attributes jsonb,
        created_at timestamp not null,
        quantity integer not null check (quantity>=0),
        sku_code varchar(50) not null,
        updated_at timestamp not null,
        product_id bigint not null,
        primary key (id)
    )
2026-01-04 14:27:42.953  WARN 37216 --- [           main] o.h.t.s.i.ExceptionHandlerLoggedImpl     : GenerationTarget encountered exception accepting command : Error executing DDL "
    create table skus (
       id bigint generated by default as identity,
        attributes jsonb,
        created_at timestamp not null,
        quantity integer not null check (quantity>=0),
        sku_code varchar(50) not null,
        updated_at timestamp not null,
        product_id bigint not null,
        primary key (id)
    )" via JDBC Statement

org.hibernate.tool.schema.spi.CommandAcceptanceException: Error executing DDL "
    create table skus (
       id bigint generated by default as identity,
        attributes jsonb,
        created_at timestamp not null,
        quantity integer not null check (quantity>=0),
        sku_code varchar(50) not null,
        updated_at timestamp not null,
        product_id bigint not null,
        primary key (id)
    )" via JDBC Statement
	at org.hibernate.tool.schema.internal.exec.GenerationTargetToDatabase.accept(GenerationTargetToDatabase.java:67)
	at org.hibernate.tool.schema.internal.SchemaCreatorImpl.applySqlString(SchemaCreatorImpl.java:458)
	at org.hibernate.tool.schema.internal.SchemaCreatorImpl.applySqlStrings(SchemaCreatorImpl.java:442)
	at org.hibernate.tool.schema.internal.SchemaCreatorImpl.createFromMetadata(SchemaCreatorImpl.java:325)
	at org.hibernate.tool.schema.internal.SchemaCreatorImpl.performCreation(SchemaCreatorImpl.java:169)
	at org.hibernate.tool.schema.internal.SchemaCreatorImpl.doCreation(SchemaCreatorImpl.java:138)
	at org.hibernate.tool.schema.internal.SchemaCreatorImpl.doCreation(SchemaCreatorImpl.java:124)
	at org.hibernate.tool.schema.spi.SchemaManagementToolCoordinator.performDatabaseAction(SchemaManagementToolCoordinator.java:168)
	at org.hibernate.tool.schema.spi.SchemaManagementToolCoordinator.process(SchemaManagementToolCoordinator.java:85)
	at org.hibernate.internal.SessionFactoryImpl.<init>(SessionFactoryImpl.java:335)
	at org.hibernate.boot.internal.SessionFactoryBuilderImpl.build(SessionFactoryBuilderImpl.java:471)
	at org.hibernate.jpa.boot.internal.EntityManagerFactoryBuilderImpl.build(EntityManagerFactoryBuilderImpl.java:1498)
	at org.springframework.orm.jpa.vendor.SpringHibernateJpaPersistenceProvider.createContainerEntityManagerFactory(SpringHibernateJpaPersistenceProvider.java:58)
	at org.springframework.orm.jpa.LocalContainerEntityManagerFactoryBean.createNativeEntityManagerFactory(LocalContainerEntityManagerFactoryBean.java:365)
	at org.springframework.orm.jpa.AbstractEntityManagerFactoryBean.buildNativeEntityManagerFactory(AbstractEntityManagerFactoryBean.java:409)
	at org.springframework.orm.jpa.AbstractEntityManagerFactoryBean.afterPropertiesSet(AbstractEntityManagerFactoryBean.java:396)
	at org.springframework.orm.jpa.LocalContainerEntityManagerFactoryBean.afterPropertiesSet(LocalContainerEntityManagerFactoryBean.java:341)
	at org.springframework.beans.factory.support.AbstractAutowireCapableBeanFactory.invokeInitMethods(AbstractAutowireCapableBeanFactory.java:1863)
	at org.springframework.beans.factory.support.AbstractAutowireCapableBeanFactory.initializeBean(AbstractAutowireCapableBeanFactory.java:1800)
	at org.springframework.beans.factory.support.AbstractAutowireCapableBeanFactory.doCreateBean(AbstractAutowireCapableBeanFactory.java:620)
	at org.springframework.beans.factory.support.AbstractAutowireCapableBeanFactory.createBean(AbstractAutowireCapableBeanFactory.java:542)
	at org.springframework.beans.factory.support.AbstractBeanFactory.lambda$doGetBean$0(AbstractBeanFactory.java:335)
	at org.springframework.beans.factory.support.DefaultSingletonBeanRegistry.getSingleton(DefaultSingletonBeanRegistry.java:234)
	at org.springframework.beans.factory.support.AbstractBeanFactory.doGetBean(AbstractBeanFactory.java:333)
	at org.springframework.beans.factory.support.AbstractBeanFactory.getBean(AbstractBeanFactory.java:208)
	at org.springframework.context.support.AbstractApplicationContext.getBean(AbstractApplicationContext.java:1168)
	at org.springframework.context.support.AbstractApplicationContext.finishBeanFactoryInitialization(AbstractApplicationContext.java:919)
	at org.springframework.context.support.AbstractApplicationContext.refresh(AbstractApplicationContext.java:591)
	at org.springframework.boot.SpringApplication.refresh(SpringApplication.java:732)
	at org.springframework.boot.SpringApplication.refreshContext(SpringApplication.java:409)
	at org.springframework.boot.SpringApplication.run(SpringApplication.java:308)
	at org.springframework.boot.test.context.SpringBootContextLoader.loadContext(SpringBootContextLoader.java:136)
	at org.springframework.test.context.cache.DefaultCacheAwareContextLoaderDelegate.loadContextInternal(DefaultCacheAwareContextLoaderDelegate.java:141)
	at org.springframework.test.context.cache.DefaultCacheAwareContextLoaderDelegate.loadContext(DefaultCacheAwareContextLoaderDelegate.java:90)
	at org.springframework.test.context.support.DefaultTestContext.getApplicationContext(DefaultTestContext.java:124)
	at org.springframework.test.context.web.ServletTestExecutionListener.setUpRequestContextIfNecessary(ServletTestExecutionListener.java:190)
	at org.springframework.test.context.web.ServletTestExecutionListener.prepareTestInstance(ServletTestExecutionListener.java:132)
	at org.springframework.test.context.TestContextManager.prepareTestInstance(TestContextManager.java:248)
	at org.springframework.test.context.junit.jupiter.SpringExtension.postProcessTestInstance(SpringExtension.java:138)
	at org.junit.jupiter.engine.descriptor.ClassBasedTestDescriptor.lambda$invokeTestInstancePostProcessors$8(ClassBasedTestDescriptor.java:363)
	at org.junit.jupiter.engine.descriptor.ClassBasedTestDescriptor.executeAndMaskThrowable(ClassBasedTestDescriptor.java:368)
	at org.junit.jupiter.engine.descriptor.ClassBasedTestDescriptor.lambda$invokeTestInstancePostProcessors$9(ClassBasedTestDescriptor.java:363)
	at java.util.stream.ReferencePipeline$3$1.accept(ReferencePipeline.java:193)
	at java.util.stream.ReferencePipeline$2$1.accept(ReferencePipeline.java:175)
	at java.util.ArrayList$ArrayListSpliterator.forEachRemaining(ArrayList.java:1384)
	at java.util.stream.AbstractPipeline.copyInto(AbstractPipeline.java:482)
	at java.util.stream.AbstractPipeline.wrapAndCopyInto(AbstractPipeline.java:472)
	at java.util.stream.StreamSpliterators$WrappingSpliterator.forEachRemaining(StreamSpliterators.java:313)
	at java.util.stream.Streams$ConcatSpliterator.forEachRemaining(Streams.java:743)
	at java.util.stream.Streams$ConcatSpliterator.forEachRemaining(Streams.java:742)
	at java.util.stream.ReferencePipeline$Head.forEach(ReferencePipeline.java:647)
	at org.junit.jupiter.engine.descriptor.ClassBasedTestDescriptor.invokeTestInstancePostProcessors(ClassBasedTestDescriptor.java:362)
	at org.junit.jupiter.engine.descriptor.ClassBasedTestDescriptor.lambda$instantiateAndPostProcessTestInstance$6(ClassBasedTestDescriptor.java:283)
	at org.junit.platform.engine.support.hierarchical.ThrowableCollector.execute(ThrowableCollector.java:73)
	at org.junit.jupiter.engine.descriptor.ClassBasedTestDescriptor.instantiateAndPostProcessTestInstance(ClassBasedTestDescriptor.java:282)
	at org.junit.jupiter.engine.descriptor.ClassBasedTestDescriptor.lambda$testInstancesProvider$4(ClassBasedTestDescriptor.java:272)
	at java.util.Optional.orElseGet(Optional.java:267)
	at org.junit.jupiter.engine.descriptor.ClassBasedTestDescriptor.lambda$testInstancesProvider$5(ClassBasedTestDescriptor.java:271)
	at org.junit.jupiter.engine.execution.TestInstancesProvider.getTestInstances(TestInstancesProvider.java:31)
	at org.junit.jupiter.engine.descriptor.TestMethodTestDescriptor.lambda$prepare$0(TestMethodTestDescriptor.java:102)
	at org.junit.platform.engine.support.hierarchical.ThrowableCollector.execute(ThrowableCollector.java:73)
	at org.junit.jupiter.engine.descriptor.TestMethodTestDescriptor.prepare(TestMethodTestDescriptor.java:101)
	at org.junit.jupiter.engine.descriptor.TestMethodTestDescriptor.prepare(TestMethodTestDescriptor.java:66)
	at org.junit.platform.engine.support.hierarchical.NodeTestTask.lambda$prepare$2(NodeTestTask.java:123)
	at org.junit.platform.engine.support.hierarchical.ThrowableCollector.execute(ThrowableCollector.java:73)
	at org.junit.platform.engine.support.hierarchical.NodeTestTask.prepare(NodeTestTask.java:123)
	at org.junit.platform.engine.support.hierarchical.NodeTestTask.execute(NodeTestTask.java:90)
	at java.util.ArrayList.forEach(ArrayList.java:1259)
	at org.junit.platform.engine.support.hierarchical.SameThreadHierarchicalTestExecutorService.invokeAll(SameThreadHierarchicalTestExecutorService.java:41)
	at org.junit.platform.engine.support.hierarchical.NodeTestTask.lambda$executeRecursively$6(NodeTestTask.java:155)
	at org.junit.platform.engine.support.hierarchical.ThrowableCollector.execute(ThrowableCollector.java:73)
	at org.junit.platform.engine.support.hierarchical.NodeTestTask.lambda$executeRecursively$8(NodeTestTask.java:141)
	at org.junit.platform.engine.support.hierarchical.Node.around(Node.java:137)
	at org.junit.platform.engine.support.hierarchical.NodeTestTask.lambda$executeRecursively$9(NodeTestTask.java:139)
	at org.junit.platform.engine.support.hierarchical.ThrowableCollector.execute(ThrowableCollector.java:73)
	at org.junit.platform.engine.support.hierarchical.NodeTestTask.executeRecursively(NodeTestTask.java:138)
	at org.junit.platform.engine.support.hierarchical.NodeTestTask.execute(NodeTestTask.java:95)
	at java.util.ArrayList.forEach(ArrayList.java:1259)
	at org.junit.platform.engine.support.hierarchical.SameThreadHierarchicalTestExecutorService.invokeAll(SameThreadHierarchicalTestExecutorService.java:41)
	at org.junit.platform.engine.support.hierarchical.NodeTestTask.lambda$executeRecursively$6(NodeTestTask.java:155)
	at org.junit.platform.engine.support.hierarchical.ThrowableCollector.execute(ThrowableCollector.java:73)
	at org.junit.platform.engine.support.hierarchical.NodeTestTask.lambda$executeRecursively$8(NodeTestTask.java:141)
	at org.junit.platform.engine.support.hierarchical.Node.around(Node.java:137)
	at org.junit.platform.engine.support.hierarchical.NodeTestTask.lambda$executeRecursively$9(NodeTestTask.java:139)
	at org.junit.platform.engine.support.hierarchical.ThrowableCollector.execute(ThrowableCollector.java:73)
	at org.junit.platform.engine.support.hierarchical.NodeTestTask.executeRecursively(NodeTestTask.java:138)
	at org.junit.platform.engine.support.hierarchical.NodeTestTask.execute(NodeTestTask.java:95)
	at org.junit.platform.engine.support.hierarchical.SameThreadHierarchicalTestExecutorService.submit(SameThreadHierarchicalTestExecutorService.java:35)
	at org.junit.platform.engine.support.hierarchical.HierarchicalTestExecutor.execute(HierarchicalTestExecutor.java:57)
	at org.junit.platform.engine.support.hierarchical.HierarchicalTestEngine.execute(HierarchicalTestEngine.java:54)
	at org.junit.platform.launcher.core.DefaultLauncher.execute(DefaultLauncher.java:220)
	at org.junit.platform.launcher.core.DefaultLauncher.lambda$execute$6(DefaultLauncher.java:188)
	at org.junit.platform.launcher.core.DefaultLauncher.withInterceptedStreams(DefaultLauncher.java:202)
	at org.junit.platform.launcher.core.DefaultLauncher.execute(DefaultLauncher.java:181)
	at org.junit.platform.launcher.core.DefaultLauncher.execute(DefaultLauncher.java:128)
	at org.apache.maven.surefire.junitplatform.JUnitPlatformProvider.invokeAllTests(JUnitPlatformProvider.java:150)
	at org.apache.maven.surefire.junitplatform.JUnitPlatformProvider.invoke(JUnitPlatformProvider.java:124)
	at org.apache.maven.surefire.booter.ForkedBooter.invokeProviderInSameClassLoader(ForkedBooter.java:384)
	at org.apache.maven.surefire.booter.ForkedBooter.runSuitesInProcess(ForkedBooter.java:345)
	at org.apache.maven.surefire.booter.ForkedBooter.execute(ForkedBooter.java:126)
	at org.apache.maven.surefire.booter.ForkedBooter.main(ForkedBooter.java:418)
Caused by: org.h2.jdbc.JdbcSQLNonTransientException: Unknown data type: "JSONB"; SQL statement:

    create table skus (
       id bigint generated by default as identity,
        attributes jsonb,
        created_at timestamp not null,
        quantity integer not null check (quantity>=0),
        sku_code varchar(50) not null,
        updated_at timestamp not null,
        product_id bigint not null,
        primary key (id)
    ) [50004-214]
	at org.h2.message.DbException.getJdbcSQLException(DbException.java:554)
	at org.h2.message.DbException.getJdbcSQLException(DbException.java:477)
	at org.h2.message.DbException.get(DbException.java:223)
	at org.h2.message.DbException.get(DbException.java:199)
	at org.h2.command.Parser.readIfDataType1(Parser.java:6249)
	at org.h2.command.Parser.readIfDataType(Parser.java:6087)
	at org.h2.command.Parser.parseColumnWithType(Parser.java:6069)
	at org.h2.command.Parser.parseColumnForTable(Parser.java:5948)
	at org.h2.command.Parser.parseTableColumnDefinition(Parser.java:9331)
	at org.h2.command.Parser.parseCreateTable(Parser.java:9271)
	at org.h2.command.Parser.parseCreate(Parser.java:6784)
	at org.h2.command.Parser.parsePrepared(Parser.java:763)
	at org.h2.command.Parser.parse(Parser.java:689)
	at org.h2.command.Parser.parse(Parser.java:661)
	at org.h2.command.Parser.prepareCommand(Parser.java:569)
	at org.h2.engine.SessionLocal.prepareLocal(SessionLocal.java:631)
	at org.h2.engine.SessionLocal.prepareCommand(SessionLocal.java:554)
	at org.h2.jdbc.JdbcConnection.prepareCommand(JdbcConnection.java:1116)
	at org.h2.jdbc.JdbcStatement.executeInternal(JdbcStatement.java:237)
	at org.h2.jdbc.JdbcStatement.execute(JdbcStatement.java:223)
	at com.zaxxer.hikari.pool.ProxyStatement.execute(ProxyStatement.java:94)
	at com.zaxxer.hikari.pool.HikariProxyStatement.execute(HikariProxyStatement.java)
	at org.hibernate.tool.schema.internal.exec.GenerationTargetToDatabase.accept(GenerationTargetToDatabase.java:54)
	... 100 common frames omitted

2026-01-04 14:27:42.956 DEBUG 37216 --- [           main] org.hibernate.SQL                        : 
    
    alter table categories 
       add constraint UK_t8o6pivur7nn124jehx7cygw5 unique (name)
Hibernate: 
    
    alter table categories 
       add constraint UK_t8o6pivur7nn124jehx7cygw5 unique (name)
2026-01-04 14:27:42.962 DEBUG 37216 --- [           main] org.hibernate.SQL                        : 
    
    alter table skus 
       add constraint UK_3rme7uhv9f295cmair1aiosjs unique (sku_code)
Hibernate: 
    
    alter table skus 
       add constraint UK_3rme7uhv9f295cmair1aiosjs unique (sku_code)
2026-01-04 14:27:42.964  WARN 37216 --- [           main] o.h.t.s.i.ExceptionHandlerLoggedImpl     : GenerationTarget encountered exception accepting command : Error executing DDL "
    alter table skus 
       add constraint UK_3rme7uhv9f295cmair1aiosjs unique (sku_code)" via JDBC Statement

org.hibernate.tool.schema.spi.CommandAcceptanceException: Error executing DDL "
    alter table skus 
       add constraint UK_3rme7uhv9f295cmair1aiosjs unique (sku_code)" via JDBC Statement
	at org.hibernate.tool.schema.internal.exec.GenerationTargetToDatabase.accept(GenerationTargetToDatabase.java:67)
	at org.hibernate.tool.schema.internal.SchemaCreatorImpl.applySqlString(SchemaCreatorImpl.java:458)
	at org.hibernate.tool.schema.internal.SchemaCreatorImpl.applySqlStrings(SchemaCreatorImpl.java:442)
	at org.hibernate.tool.schema.internal.SchemaCreatorImpl.createFromMetadata(SchemaCreatorImpl.java:361)
	at org.hibernate.tool.schema.internal.SchemaCreatorImpl.performCreation(SchemaCreatorImpl.java:169)
	at org.hibernate.tool.schema.internal.SchemaCreatorImpl.doCreation(SchemaCreatorImpl.java:138)
	at org.hibernate.tool.schema.internal.SchemaCreatorImpl.doCreation(SchemaCreatorImpl.java:124)
	at org.hibernate.tool.schema.spi.SchemaManagementToolCoordinator.performDatabaseAction(SchemaManagementToolCoordinator.java:168)
	at org.hibernate.tool.schema.spi.SchemaManagementToolCoordinator.process(SchemaManagementToolCoordinator.java:85)
	at org.hibernate.internal.SessionFactoryImpl.<init>(SessionFactoryImpl.java:335)
	at org.hibernate.boot.internal.SessionFactoryBuilderImpl.build(SessionFactoryBuilderImpl.java:471)
	at org.hibernate.jpa.boot.internal.EntityManagerFactoryBuilderImpl.build(EntityManagerFactoryBuilderImpl.java:1498)
	at org.springframework.orm.jpa.vendor.SpringHibernateJpaPersistenceProvider.createContainerEntityManagerFactory(SpringHibernateJpaPersistenceProvider.java:58)
	at org.springframework.orm.jpa.LocalContainerEntityManagerFactoryBean.createNativeEntityManagerFactory(LocalContainerEntityManagerFactoryBean.java:365)
	at org.springframework.orm.jpa.AbstractEntityManagerFactoryBean.buildNativeEntityManagerFactory(AbstractEntityManagerFactoryBean.java:409)
	at org.springframework.orm.jpa.AbstractEntityManagerFactoryBean.afterPropertiesSet(AbstractEntityManagerFactoryBean.java:396)
	at org.springframework.orm.jpa.LocalContainerEntityManagerFactoryBean.afterPropertiesSet(LocalContainerEntityManagerFactoryBean.java:341)
	at org.springframework.beans.factory.support.AbstractAutowireCapableBeanFactory.invokeInitMethods(AbstractAutowireCapableBeanFactory.java:1863)
	at org.springframework.beans.factory.support.AbstractAutowireCapableBeanFactory.initializeBean(AbstractAutowireCapableBeanFactory.java:1800)
	at org.springframework.beans.factory.support.AbstractAutowireCapableBeanFactory.doCreateBean(AbstractAutowireCapableBeanFactory.java:620)
	at org.springframework.beans.factory.support.AbstractAutowireCapableBeanFactory.createBean(AbstractAutowireCapableBeanFactory.java:542)
	at org.springframework.beans.factory.support.AbstractBeanFactory.lambda$doGetBean$0(AbstractBeanFactory.java:335)
	at org.springframework.beans.factory.support.DefaultSingletonBeanRegistry.getSingleton(DefaultSingletonBeanRegistry.java:234)
	at org.springframework.beans.factory.support.AbstractBeanFactory.doGetBean(AbstractBeanFactory.java:333)
	at org.springframework.beans.factory.support.AbstractBeanFactory.getBean(AbstractBeanFactory.java:208)
	at org.springframework.context.support.AbstractApplicationContext.getBean(AbstractApplicationContext.java:1168)
	at org.springframework.context.support.AbstractApplicationContext.finishBeanFactoryInitialization(AbstractApplicationContext.java:919)
	at org.springframework.context.support.AbstractApplicationContext.refresh(AbstractApplicationContext.java:591)
	at org.springframework.boot.SpringApplication.refresh(SpringApplication.java:732)
	at org.springframework.boot.SpringApplication.refreshContext(SpringApplication.java:409)
	at org.springframework.boot.SpringApplication.run(SpringApplication.java:308)
	at org.springframework.boot.test.context.SpringBootContextLoader.loadContext(SpringBootContextLoader.java:136)
	at org.springframework.test.context.cache.DefaultCacheAwareContextLoaderDelegate.loadContextInternal(DefaultCacheAwareContextLoaderDelegate.java:141)
	at org.springframework.test.context.cache.DefaultCacheAwareContextLoaderDelegate.loadContext(DefaultCacheAwareContextLoaderDelegate.java:90)
	at org.springframework.test.context.support.DefaultTestContext.getApplicationContext(DefaultTestContext.java:124)
	at org.springframework.test.context.web.ServletTestExecutionListener.setUpRequestContextIfNecessary(ServletTestExecutionListener.java:190)
	at org.springframework.test.context.web.ServletTestExecutionListener.prepareTestInstance(ServletTestExecutionListener.java:132)
	at org.springframework.test.context.TestContextManager.prepareTestInstance(TestContextManager.java:248)
	at org.springframework.test.context.junit.jupiter.SpringExtension.postProcessTestInstance(SpringExtension.java:138)
	at org.junit.jupiter.engine.descriptor.ClassBasedTestDescriptor.lambda$invokeTestInstancePostProcessors$8(ClassBasedTestDescriptor.java:363)
	at org.junit.jupiter.engine.descriptor.ClassBasedTestDescriptor.executeAndMaskThrowable(ClassBasedTestDescriptor.java:368)
	at org.junit.jupiter.engine.descriptor.ClassBasedTestDescriptor.lambda$invokeTestInstancePostProcessors$9(ClassBasedTestDescriptor.java:363)
	at java.util.stream.ReferencePipeline$3$1.accept(ReferencePipeline.java:193)
	at java.util.stream.ReferencePipeline$2$1.accept(ReferencePipeline.java:175)
	at java.util.ArrayList$ArrayListSpliterator.forEachRemaining(ArrayList.java:1384)
	at java.util.stream.AbstractPipeline.copyInto(AbstractPipeline.java:482)
	at java.util.stream.AbstractPipeline.wrapAndCopyInto(AbstractPipeline.java:472)
	at java.util.stream.StreamSpliterators$WrappingSpliterator.forEachRemaining(StreamSpliterators.java:313)
	at java.util.stream.Streams$ConcatSpliterator.forEachRemaining(Streams.java:743)
	at java.util.stream.Streams$ConcatSpliterator.forEachRemaining(Streams.java:742)
	at java.util.stream.ReferencePipeline$Head.forEach(ReferencePipeline.java:647)
	at org.junit.jupiter.engine.descriptor.ClassBasedTestDescriptor.invokeTestInstancePostProcessors(ClassBasedTestDescriptor.java:362)
	at org.junit.jupiter.engine.descriptor.ClassBasedTestDescriptor.lambda$instantiateAndPostProcessTestInstance$6(ClassBasedTestDescriptor.java:283)
	at org.junit.platform.engine.support.hierarchical.ThrowableCollector.execute(ThrowableCollector.java:73)
	at org.junit.jupiter.engine.descriptor.ClassBasedTestDescriptor.instantiateAndPostProcessTestInstance(ClassBasedTestDescriptor.java:282)
	at org.junit.jupiter.engine.descriptor.ClassBasedTestDescriptor.lambda$testInstancesProvider$4(ClassBasedTestDescriptor.java:272)
	at java.util.Optional.orElseGet(Optional.java:267)
	at org.junit.jupiter.engine.descriptor.ClassBasedTestDescriptor.lambda$testInstancesProvider$5(ClassBasedTestDescriptor.java:271)
	at org.junit.jupiter.engine.execution.TestInstancesProvider.getTestInstances(TestInstancesProvider.java:31)
	at org.junit.jupiter.engine.descriptor.TestMethodTestDescriptor.lambda$prepare$0(TestMethodTestDescriptor.java:102)
	at org.junit.platform.engine.support.hierarchical.ThrowableCollector.execute(ThrowableCollector.java:73)
	at org.junit.jupiter.engine.descriptor.TestMethodTestDescriptor.prepare(TestMethodTestDescriptor.java:101)
	at org.junit.jupiter.engine.descriptor.TestMethodTestDescriptor.prepare(TestMethodTestDescriptor.java:66)
	at org.junit.platform.engine.support.hierarchical.NodeTestTask.lambda$prepare$2(NodeTestTask.java:123)
	at org.junit.platform.engine.support.hierarchical.ThrowableCollector.execute(ThrowableCollector.java:73)
	at org.junit.platform.engine.support.hierarchical.NodeTestTask.prepare(NodeTestTask.java:123)
	at org.junit.platform.engine.support.hierarchical.NodeTestTask.execute(NodeTestTask.java:90)
	at java.util.ArrayList.forEach(ArrayList.java:1259)
	at org.junit.platform.engine.support.hierarchical.SameThreadHierarchicalTestExecutorService.invokeAll(SameThreadHierarchicalTestExecutorService.java:41)
	at org.junit.platform.engine.support.hierarchical.NodeTestTask.lambda$executeRecursively$6(NodeTestTask.java:155)
	at org.junit.platform.engine.support.hierarchical.ThrowableCollector.execute(ThrowableCollector.java:73)
	at org.junit.platform.engine.support.hierarchical.NodeTestTask.lambda$executeRecursively$8(NodeTestTask.java:141)
	at org.junit.platform.engine.support.hierarchical.Node.around(Node.java:137)
	at org.junit.platform.engine.support.hierarchical.NodeTestTask.lambda$executeRecursively$9(NodeTestTask.java:139)
	at org.junit.platform.engine.support.hierarchical.ThrowableCollector.execute(ThrowableCollector.java:73)
	at org.junit.platform.engine.support.hierarchical.NodeTestTask.executeRecursively(NodeTestTask.java:138)
	at org.junit.platform.engine.support.hierarchical.NodeTestTask.execute(NodeTestTask.java:95)
	at java.util.ArrayList.forEach(ArrayList.java:1259)
	at org.junit.platform.engine.support.hierarchical.SameThreadHierarchicalTestExecutorService.invokeAll(SameThreadHierarchicalTestExecutorService.java:41)
	at org.junit.platform.engine.support.hierarchical.NodeTestTask.lambda$executeRecursively$6(NodeTestTask.java:155)
	at org.junit.platform.engine.support.hierarchical.ThrowableCollector.execute(ThrowableCollector.java:73)
	at org.junit.platform.engine.support.hierarchical.NodeTestTask.lambda$executeRecursively$8(NodeTestTask.java:141)
	at org.junit.platform.engine.support.hierarchical.Node.around(Node.java:137)
	at org.junit.platform.engine.support.hierarchical.NodeTestTask.lambda$executeRecursively$9(NodeTestTask.java:139)
	at org.junit.platform.engine.support.hierarchical.ThrowableCollector.execute(ThrowableCollector.java:73)
	at org.junit.platform.engine.support.hierarchical.NodeTestTask.executeRecursively(NodeTestTask.java:138)
	at org.junit.platform.engine.support.hierarchical.NodeTestTask.execute(NodeTestTask.java:95)
	at org.junit.platform.engine.support.hierarchical.SameThreadHierarchicalTestExecutorService.submit(SameThreadHierarchicalTestExecutorService.java:35)
	at org.junit.platform.engine.support.hierarchical.HierarchicalTestExecutor.execute(HierarchicalTestExecutor.java:57)
	at org.junit.platform.engine.support.hierarchical.HierarchicalTestEngine.execute(HierarchicalTestEngine.java:54)
	at org.junit.platform.launcher.core.DefaultLauncher.execute(DefaultLauncher.java:220)
	at org.junit.platform.launcher.core.DefaultLauncher.lambda$execute$6(DefaultLauncher.java:188)
	at org.junit.platform.launcher.core.DefaultLauncher.withInterceptedStreams(DefaultLauncher.java:202)
	at org.junit.platform.launcher.core.DefaultLauncher.execute(DefaultLauncher.java:181)
	at org.junit.platform.launcher.core.DefaultLauncher.execute(DefaultLauncher.java:128)
	at org.apache.maven.surefire.junitplatform.JUnitPlatformProvider.invokeAllTests(JUnitPlatformProvider.java:150)
	at org.apache.maven.surefire.junitplatform.JUnitPlatformProvider.invoke(JUnitPlatformProvider.java:124)
	at org.apache.maven.surefire.booter.ForkedBooter.invokeProviderInSameClassLoader(ForkedBooter.java:384)
	at org.apache.maven.surefire.booter.ForkedBooter.runSuitesInProcess(ForkedBooter.java:345)
	at org.apache.maven.surefire.booter.ForkedBooter.execute(ForkedBooter.java:126)
	at org.apache.maven.surefire.booter.ForkedBooter.main(ForkedBooter.java:418)
Caused by: org.h2.jdbc.JdbcSQLSyntaxErrorException: Table "SKUS" not found; SQL statement:

    alter table skus 
       add constraint UK_3rme7uhv9f295cmair1aiosjs unique (sku [42102-214]
	at org.h2.message.DbException.getJdbcSQLException(DbException.java:502)
	at org.h2.message.DbException.getJdbcSQLException(DbException.java:477)
	at org.h2.message.DbException.get(DbException.java:223)
	at org.h2.message.DbException.get(DbException.java:199)
	at org.h2.command.ddl.AlterTable.update(AlterTable.java:43)
	at org.h2.command.CommandContainer.update(CommandContainer.java:169)
	at org.h2.command.Command.executeUpdate(Command.java:252)
	at org.h2.jdbc.JdbcStatement.executeInternal(JdbcStatement.java:252)
	at org.h2.jdbc.JdbcStatement.execute(JdbcStatement.java:223)
	at com.zaxxer.hikari.pool.ProxyStatement.execute(ProxyStatement.java:94)
	at com.zaxxer.hikari.pool.HikariProxyStatement.execute(HikariProxyStatement.java)
	at org.hibernate.tool.schema.internal.exec.GenerationTargetToDatabase.accept(GenerationTargetToDatabase.java:54)
	... 100 common frames omitted

2026-01-04 14:27:42.971 DEBUG 37216 --- [           main] org.hibernate.SQL                        : 
    
    alter table products 
       add constraint fk_product_category 
       foreign key (category_id) 
       references categories
Hibernate: 
    
    alter table products 
       add constraint fk_product_category 
       foreign key (category_id) 
       references categories
2026-01-04 14:27:43.020 DEBUG 37216 --- [           main] org.hibernate.SQL                        : 
    
    alter table skus 
       add constraint fk_sku_product 
       foreign key (product_id) 
       references products
Hibernate: 
    
    alter table skus 
       add constraint fk_sku_product 
       foreign key (product_id) 
       references products
2026-01-04 14:27:43.024  WARN 37216 --- [           main] o.h.t.s.i.ExceptionHandlerLoggedImpl     : GenerationTarget encountered exception accepting command : Error executing DDL "
    alter table skus 
       add constraint fk_sku_product 
       foreign key (product_id) 
       references products" via JDBC Statement

org.hibernate.tool.schema.spi.CommandAcceptanceException: Error executing DDL "
    alter table skus 
       add constraint fk_sku_product 
       foreign key (product_id) 
       references products" via JDBC Statement
	at org.hibernate.tool.schema.internal.exec.GenerationTargetToDatabase.accept(GenerationTargetToDatabase.java:67)
	at org.hibernate.tool.schema.internal.SchemaCreatorImpl.applySqlString(SchemaCreatorImpl.java:458)
	at org.hibernate.tool.schema.internal.SchemaCreatorImpl.applySqlStrings(SchemaCreatorImpl.java:442)
	at org.hibernate.tool.schema.internal.SchemaCreatorImpl.createFromMetadata(SchemaCreatorImpl.java:389)
	at org.hibernate.tool.schema.internal.SchemaCreatorImpl.performCreation(SchemaCreatorImpl.java:169)
	at org.hibernate.tool.schema.internal.SchemaCreatorImpl.doCreation(SchemaCreatorImpl.java:138)
	at org.hibernate.tool.schema.internal.SchemaCreatorImpl.doCreation(SchemaCreatorImpl.java:124)
	at org.hibernate.tool.schema.spi.SchemaManagementToolCoordinator.performDatabaseAction(SchemaManagementToolCoordinator.java:168)
	at org.hibernate.tool.schema.spi.SchemaManagementToolCoordinator.process(SchemaManagementToolCoordinator.java:85)
	at org.hibernate.internal.SessionFactoryImpl.<init>(SessionFactoryImpl.java:335)
	at org.hibernate.boot.internal.SessionFactoryBuilderImpl.build(SessionFactoryBuilderImpl.java:471)
	at org.hibernate.jpa.boot.internal.EntityManagerFactoryBuilderImpl.build(EntityManagerFactoryBuilderImpl.java:1498)
	at org.springframework.orm.jpa.vendor.SpringHibernateJpaPersistenceProvider.createContainerEntityManagerFactory(SpringHibernateJpaPersistenceProvider.java:58)
	at org.springframework.orm.jpa.LocalContainerEntityManagerFactoryBean.createNativeEntityManagerFactory(LocalContainerEntityManagerFactoryBean.java:365)
	at org.springframework.orm.jpa.AbstractEntityManagerFactoryBean.buildNativeEntityManagerFactory(AbstractEntityManagerFactoryBean.java:409)
	at org.springframework.orm.jpa.AbstractEntityManagerFactoryBean.afterPropertiesSet(AbstractEntityManagerFactoryBean.java:396)
	at org.springframework.orm.jpa.LocalContainerEntityManagerFactoryBean.afterPropertiesSet(LocalContainerEntityManagerFactoryBean.java:341)
	at org.springframework.beans.factory.support.AbstractAutowireCapableBeanFactory.invokeInitMethods(AbstractAutowireCapableBeanFactory.java:1863)
	at org.springframework.beans.factory.support.AbstractAutowireCapableBeanFactory.initializeBean(AbstractAutowireCapableBeanFactory.java:1800)
	at org.springframework.beans.factory.support.AbstractAutowireCapableBeanFactory.doCreateBean(AbstractAutowireCapableBeanFactory.java:620)
	at org.springframework.beans.factory.support.AbstractAutowireCapableBeanFactory.createBean(AbstractAutowireCapableBeanFactory.java:542)
	at org.springframework.beans.factory.support.AbstractBeanFactory.lambda$doGetBean$0(AbstractBeanFactory.java:335)
	at org.springframework.beans.factory.support.DefaultSingletonBeanRegistry.getSingleton(DefaultSingletonBeanRegistry.java:234)
	at org.springframework.beans.factory.support.AbstractBeanFactory.doGetBean(AbstractBeanFactory.java:333)
	at org.springframework.beans.factory.support.AbstractBeanFactory.getBean(AbstractBeanFactory.java:208)
	at org.springframework.context.support.AbstractApplicationContext.getBean(AbstractApplicationContext.java:1168)
	at org.springframework.context.support.AbstractApplicationContext.finishBeanFactoryInitialization(AbstractApplicationContext.java:919)
	at org.springframework.context.support.AbstractApplicationContext.refresh(AbstractApplicationContext.java:591)
	at org.springframework.boot.SpringApplication.refresh(SpringApplication.java:732)
	at org.springframework.boot.SpringApplication.refreshContext(SpringApplication.java:409)
	at org.springframework.boot.SpringApplication.run(SpringApplication.java:308)
	at org.springframework.boot.test.context.SpringBootContextLoader.loadContext(SpringBootContextLoader.java:136)
	at org.springframework.test.context.cache.DefaultCacheAwareContextLoaderDelegate.loadContextInternal(DefaultCacheAwareContextLoaderDelegate.java:141)
	at org.springframework.test.context.cache.DefaultCacheAwareContextLoaderDelegate.loadContext(DefaultCacheAwareContextLoaderDelegate.java:90)
	at org.springframework.test.context.support.DefaultTestContext.getApplicationContext(DefaultTestContext.java:124)
	at org.springframework.test.context.web.ServletTestExecutionListener.setUpRequestContextIfNecessary(ServletTestExecutionListener.java:190)
	at org.springframework.test.context.web.ServletTestExecutionListener.prepareTestInstance(ServletTestExecutionListener.java:132)
	at org.springframework.test.context.TestContextManager.prepareTestInstance(TestContextManager.java:248)
	at org.springframework.test.context.junit.jupiter.SpringExtension.postProcessTestInstance(SpringExtension.java:138)
	at org.junit.jupiter.engine.descriptor.ClassBasedTestDescriptor.lambda$invokeTestInstancePostProcessors$8(ClassBasedTestDescriptor.java:363)
	at org.junit.jupiter.engine.descriptor.ClassBasedTestDescriptor.executeAndMaskThrowable(ClassBasedTestDescriptor.java:368)
	at org.junit.jupiter.engine.descriptor.ClassBasedTestDescriptor.lambda$invokeTestInstancePostProcessors$9(ClassBasedTestDescriptor.java:363)
	at java.util.stream.ReferencePipeline$3$1.accept(ReferencePipeline.java:193)
	at java.util.stream.ReferencePipeline$2$1.accept(ReferencePipeline.java:175)
	at java.util.ArrayList$ArrayListSpliterator.forEachRemaining(ArrayList.java:1384)
	at java.util.stream.AbstractPipeline.copyInto(AbstractPipeline.java:482)
	at java.util.stream.AbstractPipeline.wrapAndCopyInto(AbstractPipeline.java:472)
	at java.util.stream.StreamSpliterators$WrappingSpliterator.forEachRemaining(StreamSpliterators.java:313)
	at java.util.stream.Streams$ConcatSpliterator.forEachRemaining(Streams.java:743)
	at java.util.stream.Streams$ConcatSpliterator.forEachRemaining(Streams.java:742)
	at java.util.stream.ReferencePipeline$Head.forEach(ReferencePipeline.java:647)
	at org.junit.jupiter.engine.descriptor.ClassBasedTestDescriptor.invokeTestInstancePostProcessors(ClassBasedTestDescriptor.java:362)
	at org.junit.jupiter.engine.descriptor.ClassBasedTestDescriptor.lambda$instantiateAndPostProcessTestInstance$6(ClassBasedTestDescriptor.java:283)
	at org.junit.platform.engine.support.hierarchical.ThrowableCollector.execute(ThrowableCollector.java:73)
	at org.junit.jupiter.engine.descriptor.ClassBasedTestDescriptor.instantiateAndPostProcessTestInstance(ClassBasedTestDescriptor.java:282)
	at org.junit.jupiter.engine.descriptor.ClassBasedTestDescriptor.lambda$testInstancesProvider$4(ClassBasedTestDescriptor.java:272)
	at java.util.Optional.orElseGet(Optional.java:267)
	at org.junit.jupiter.engine.descriptor.ClassBasedTestDescriptor.lambda$testInstancesProvider$5(ClassBasedTestDescriptor.java:271)
	at org.junit.jupiter.engine.execution.TestInstancesProvider.getTestInstances(TestInstancesProvider.java:31)
	at org.junit.jupiter.engine.descriptor.TestMethodTestDescriptor.lambda$prepare$0(TestMethodTestDescriptor.java:102)
	at org.junit.platform.engine.support.hierarchical.ThrowableCollector.execute(ThrowableCollector.java:73)
	at org.junit.jupiter.engine.descriptor.TestMethodTestDescriptor.prepare(TestMethodTestDescriptor.java:101)
	at org.junit.jupiter.engine.descriptor.TestMethodTestDescriptor.prepare(TestMethodTestDescriptor.java:66)
	at org.junit.platform.engine.support.hierarchical.NodeTestTask.lambda$prepare$2(NodeTestTask.java:123)
	at org.junit.platform.engine.support.hierarchical.ThrowableCollector.execute(ThrowableCollector.java:73)
	at org.junit.platform.engine.support.hierarchical.NodeTestTask.prepare(NodeTestTask.java:123)
	at org.junit.platform.engine.support.hierarchical.NodeTestTask.execute(NodeTestTask.java:90)
	at java.util.ArrayList.forEach(ArrayList.java:1259)
	at org.junit.platform.engine.support.hierarchical.SameThreadHierarchicalTestExecutorService.invokeAll(SameThreadHierarchicalTestExecutorService.java:41)
	at org.junit.platform.engine.support.hierarchical.NodeTestTask.lambda$executeRecursively$6(NodeTestTask.java:155)
	at org.junit.platform.engine.support.hierarchical.ThrowableCollector.execute(ThrowableCollector.java:73)
	at org.junit.platform.engine.support.hierarchical.NodeTestTask.lambda$executeRecursively$8(NodeTestTask.java:141)
	at org.junit.platform.engine.support.hierarchical.Node.around(Node.java:137)
	at org.junit.platform.engine.support.hierarchical.NodeTestTask.lambda$executeRecursively$9(NodeTestTask.java:139)
	at org.junit.platform.engine.support.hierarchical.ThrowableCollector.execute(ThrowableCollector.java:73)
	at org.junit.platform.engine.support.hierarchical.NodeTestTask.executeRecursively(NodeTestTask.java:138)
	at org.junit.platform.engine.support.hierarchical.NodeTestTask.execute(NodeTestTask.java:95)
	at java.util.ArrayList.forEach(ArrayList.java:1259)
	at org.junit.platform.engine.support.hierarchical.SameThreadHierarchicalTestExecutorService.invokeAll(SameThreadHierarchicalTestExecutorService.java:41)
	at org.junit.platform.engine.support.hierarchical.NodeTestTask.lambda$executeRecursively$6(NodeTestTask.java:155)
	at org.junit.platform.engine.support.hierarchical.ThrowableCollector.execute(ThrowableCollector.java:73)
	at org.junit.platform.engine.support.hierarchical.NodeTestTask.lambda$executeRecursively$8(NodeTestTask.java:141)
	at org.junit.platform.engine.support.hierarchical.Node.around(Node.java:137)
	at org.junit.platform.engine.support.hierarchical.NodeTestTask.lambda$executeRecursively$9(NodeTestTask.java:139)
	at org.junit.platform.engine.support.hierarchical.ThrowableCollector.execute(ThrowableCollector.java:73)
	at org.junit.platform.engine.support.hierarchical.NodeTestTask.executeRecursively(NodeTestTask.java:138)
	at org.junit.platform.engine.support.hierarchical.NodeTestTask.execute(NodeTestTask.java:95)
	at org.junit.platform.engine.support.hierarchical.SameThreadHierarchicalTestExecutorService.submit(SameThreadHierarchicalTestExecutorService.java:35)
	at org.junit.platform.engine.support.hierarchical.HierarchicalTestExecutor.execute(HierarchicalTestExecutor.java:57)
	at org.junit.platform.engine.support.hierarchical.HierarchicalTestEngine.execute(HierarchicalTestEngine.java:54)
	at org.junit.platform.launcher.core.DefaultLauncher.execute(DefaultLauncher.java:220)
	at org.junit.platform.launcher.core.DefaultLauncher.lambda$execute$6(DefaultLauncher.java:188)
	at org.junit.platform.launcher.core.DefaultLauncher.withInterceptedStreams(DefaultLauncher.java:202)
	at org.junit.platform.launcher.core.DefaultLauncher.execute(DefaultLauncher.java:181)
	at org.junit.platform.launcher.core.DefaultLauncher.execute(DefaultLauncher.java:128)
	at org.apache.maven.surefire.junitplatform.JUnitPlatformProvider.invokeAllTests(JUnitPlatformProvider.java:150)
	at org.apache.maven.surefire.junitplatform.JUnitPlatformProvider.invoke(JUnitPlatformProvider.java:124)
	at org.apache.maven.surefire.booter.ForkedBooter.invokeProviderInSameClassLoader(ForkedBooter.java:384)
	at org.apache.maven.surefire.booter.ForkedBooter.runSuitesInProcess(ForkedBooter.java:345)
	at org.apache.maven.surefire.booter.ForkedBooter.execute(ForkedBooter.java:126)
	at org.apache.maven.surefire.booter.ForkedBooter.main(ForkedBooter.java:418)
Caused by: org.h2.jdbc.JdbcSQLSyntaxErrorException: Table "SKUS" not found; SQL statement:

    alter table skus 
       add constraint fk_sku_product 
       foreign key (product_id) 
       references pr [42102-214]
	at org.h2.message.DbException.getJdbcSQLException(DbException.java:502)
	at org.h2.message.DbException.getJdbcSQLException(DbException.java:477)
	at org.h2.message.DbException.get(DbException.java:223)
	at org.h2.message.DbException.get(DbException.java:199)
	at org.h2.command.ddl.AlterTable.update(AlterTable.java:43)
	at org.h2.command.CommandContainer.update(CommandContainer.java:169)
	at org.h2.command.Command.executeUpdate(Command.java:252)
	at org.h2.jdbc.JdbcStatement.executeInternal(JdbcStatement.java:252)
	at org.h2.jdbc.JdbcStatement.execute(JdbcStatement.java:223)
	at com.zaxxer.hikari.pool.ProxyStatement.execute(ProxyStatement.java:94)
	at com.zaxxer.hikari.pool.HikariProxyStatement.execute(HikariProxyStatement.java)
	at org.hibernate.tool.schema.internal.exec.GenerationTargetToDatabase.accept(GenerationTargetToDatabase.java:54)
	... 100 common frames omitted

2026-01-04 14:27:43.029  INFO 37216 --- [           main] o.h.e.t.j.p.i.JtaPlatformInitiator       : HHH000490: Using JtaPlatform implementation: [org.hibernate.engine.transaction.jta.platform.internal.NoJtaPlatform]
2026-01-04 14:27:43.052  INFO 37216 --- [           main] j.LocalContainerEntityManagerFactoryBean : Initialized JPA EntityManagerFactory for persistence unit 'default'
2026-01-04 14:27:44.983  WARN 37216 --- [           main] o.a.catalina.core.AprLifecycleListener   : The Apache Tomcat Native library failed to load. The error reported was [C:\tomcat\apache-tomcat-9.0.96\bin\tcnative-1.dll: Can't load IA 32-bit .dll on a AMD 64-bit platform]

java.lang.UnsatisfiedLinkError: C:\tomcat\apache-tomcat-9.0.96\bin\tcnative-1.dll: Can't load IA 32-bit .dll on a AMD 64-bit platform
	at java.lang.ClassLoader$NativeLibrary.load(Native Method)
	at java.lang.ClassLoader.loadLibrary0(ClassLoader.java:1934)
	at java.lang.ClassLoader.loadLibrary(ClassLoader.java:1850)
	at java.lang.Runtime.loadLibrary0(Runtime.java:843)
	at java.lang.System.loadLibrary(System.java:1136)
	at org.apache.tomcat.jni.Library.<init>(Library.java:65)
	at org.apache.tomcat.jni.Library.initialize(Library.java:235)
	at org.apache.catalina.core.AprLifecycleListener.init(AprLifecycleListener.java:194)
	at org.apache.catalina.core.AprLifecycleListener.isAprAvailable(AprLifecycleListener.java:107)
	at org.springframework.boot.web.embedded.tomcat.TomcatServletWebServerFactory.getDefaultServerLifecycleListeners(TomcatServletWebServerFactory.java:182)
	at org.springframework.boot.web.embedded.tomcat.TomcatServletWebServerFactory.<init>(TomcatServletWebServerFactory.java:129)
	at org.springframework.boot.autoconfigure.web.servlet.ServletWebServerFactoryConfiguration$EmbeddedTomcat.tomcatServletWebServerFactory(ServletWebServerFactoryConfiguration.java:76)
	at sun.reflect.NativeMethodAccessorImpl.invoke0(Native Method)
	at sun.reflect.NativeMethodAccessorImpl.invoke(NativeMethodAccessorImpl.java:62)
	at sun.reflect.DelegatingMethodAccessorImpl.invoke(DelegatingMethodAccessorImpl.java:43)
	at java.lang.reflect.Method.invoke(Method.java:498)
	at org.springframework.beans.factory.support.SimpleInstantiationStrategy.instantiate(SimpleInstantiationStrategy.java:154)
	at org.springframework.beans.factory.support.ConstructorResolver.instantiate(ConstructorResolver.java:648)
	at org.springframework.beans.factory.support.ConstructorResolver.instantiateUsingFactoryMethod(ConstructorResolver.java:633)
	at org.springframework.beans.factory.support.AbstractAutowireCapableBeanFactory.instantiateUsingFactoryMethod(AbstractAutowireCapableBeanFactory.java:1352)
	at org.springframework.beans.factory.support.AbstractAutowireCapableBeanFactory.createBeanInstance(AbstractAutowireCapableBeanFactory.java:1195)
	at org.springframework.beans.factory.support.AbstractAutowireCapableBeanFactory.doCreateBean(AbstractAutowireCapableBeanFactory.java:582)
	at org.springframework.beans.factory.support.AbstractAutowireCapableBeanFactory.createBean(AbstractAutowireCapableBeanFactory.java:542)
	at org.springframework.beans.factory.support.AbstractBeanFactory.lambda$doGetBean$0(AbstractBeanFactory.java:335)
	at org.springframework.beans.factory.support.DefaultSingletonBeanRegistry.getSingleton(DefaultSingletonBeanRegistry.java:234)
	at org.springframework.beans.factory.support.AbstractBeanFactory.doGetBean(AbstractBeanFactory.java:333)
	at org.springframework.beans.factory.support.AbstractBeanFactory.getBean(AbstractBeanFactory.java:208)
	at org.springframework.beans.factory.support.DefaultListableBeanFactory.preInstantiateSingletons(DefaultListableBeanFactory.java:955)
	at org.springframework.context.support.AbstractApplicationContext.finishBeanFactoryInitialization(AbstractApplicationContext.java:929)
	at org.springframework.context.support.AbstractApplicationContext.refresh(AbstractApplicationContext.java:591)
	at org.springframework.boot.SpringApplication.refresh(SpringApplication.java:732)
	at org.springframework.boot.SpringApplication.refreshContext(SpringApplication.java:409)
	at org.springframework.boot.SpringApplication.run(SpringApplication.java:308)
	at org.springframework.boot.test.context.SpringBootContextLoader.loadContext(SpringBootContextLoader.java:136)
	at org.springframework.test.context.cache.DefaultCacheAwareContextLoaderDelegate.loadContextInternal(DefaultCacheAwareContextLoaderDelegate.java:141)
	at org.springframework.test.context.cache.DefaultCacheAwareContextLoaderDelegate.loadContext(DefaultCacheAwareContextLoaderDelegate.java:90)
	at org.springframework.test.context.support.DefaultTestContext.getApplicationContext(DefaultTestContext.java:124)
	at org.springframework.test.context.web.ServletTestExecutionListener.setUpRequestContextIfNecessary(ServletTestExecutionListener.java:190)
	at org.springframework.test.context.web.ServletTestExecutionListener.prepareTestInstance(ServletTestExecutionListener.java:132)
	at org.springframework.test.context.TestContextManager.prepareTestInstance(TestContextManager.java:248)
	at org.springframework.test.context.junit.jupiter.SpringExtension.postProcessTestInstance(SpringExtension.java:138)
	at org.junit.jupiter.engine.descriptor.ClassBasedTestDescriptor.lambda$invokeTestInstancePostProcessors$8(ClassBasedTestDescriptor.java:363)
	at org.junit.jupiter.engine.descriptor.ClassBasedTestDescriptor.executeAndMaskThrowable(ClassBasedTestDescriptor.java:368)
	at org.junit.jupiter.engine.descriptor.ClassBasedTestDescriptor.lambda$invokeTestInstancePostProcessors$9(ClassBasedTestDescriptor.java:363)
	at java.util.stream.ReferencePipeline$3$1.accept(ReferencePipeline.java:193)
	at java.util.stream.ReferencePipeline$2$1.accept(ReferencePipeline.java:175)
	at java.util.ArrayList$ArrayListSpliterator.forEachRemaining(ArrayList.java:1384)
	at java.util.stream.AbstractPipeline.copyInto(AbstractPipeline.java:482)
	at java.util.stream.AbstractPipeline.wrapAndCopyInto(AbstractPipeline.java:472)
	at java.util.stream.StreamSpliterators$WrappingSpliterator.forEachRemaining(StreamSpliterators.java:313)
	at java.util.stream.Streams$ConcatSpliterator.forEachRemaining(Streams.java:743)
	at java.util.stream.Streams$ConcatSpliterator.forEachRemaining(Streams.java:742)
	at java.util.stream.ReferencePipeline$Head.forEach(ReferencePipeline.java:647)
	at org.junit.jupiter.engine.descriptor.ClassBasedTestDescriptor.invokeTestInstancePostProcessors(ClassBasedTestDescriptor.java:362)
	at org.junit.jupiter.engine.descriptor.ClassBasedTestDescriptor.lambda$instantiateAndPostProcessTestInstance$6(ClassBasedTestDescriptor.java:283)
	at org.junit.platform.engine.support.hierarchical.ThrowableCollector.execute(ThrowableCollector.java:73)
	at org.junit.jupiter.engine.descriptor.ClassBasedTestDescriptor.instantiateAndPostProcessTestInstance(ClassBasedTestDescriptor.java:282)
	at org.junit.jupiter.engine.descriptor.ClassBasedTestDescriptor.lambda$testInstancesProvider$4(ClassBasedTestDescriptor.java:272)
	at java.util.Optional.orElseGet(Optional.java:267)
	at org.junit.jupiter.engine.descriptor.ClassBasedTestDescriptor.lambda$testInstancesProvider$5(ClassBasedTestDescriptor.java:271)
	at org.junit.jupiter.engine.execution.TestInstancesProvider.getTestInstances(TestInstancesProvider.java:31)
	at org.junit.jupiter.engine.descriptor.TestMethodTestDescriptor.lambda$prepare$0(TestMethodTestDescriptor.java:102)
	at org.junit.platform.engine.support.hierarchical.ThrowableCollector.execute(ThrowableCollector.java:73)
	at org.junit.jupiter.engine.descriptor.TestMethodTestDescriptor.prepare(TestMethodTestDescriptor.java:101)
	at org.junit.jupiter.engine.descriptor.TestMethodTestDescriptor.prepare(TestMethodTestDescriptor.java:66)
	at org.junit.platform.engine.support.hierarchical.NodeTestTask.lambda$prepare$2(NodeTestTask.java:123)
	at org.junit.platform.engine.support.hierarchical.ThrowableCollector.execute(ThrowableCollector.java:73)
	at org.junit.platform.engine.support.hierarchical.NodeTestTask.prepare(NodeTestTask.java:123)
	at org.junit.platform.engine.support.hierarchical.NodeTestTask.execute(NodeTestTask.java:90)
	at java.util.ArrayList.forEach(ArrayList.java:1259)
	at org.junit.platform.engine.support.hierarchical.SameThreadHierarchicalTestExecutorService.invokeAll(SameThreadHierarchicalTestExecutorService.java:41)
	at org.junit.platform.engine.support.hierarchical.NodeTestTask.lambda$executeRecursively$6(NodeTestTask.java:155)
	at org.junit.platform.engine.support.hierarchical.ThrowableCollector.execute(ThrowableCollector.java:73)
	at org.junit.platform.engine.support.hierarchical.NodeTestTask.lambda$executeRecursively$8(NodeTestTask.java:141)
	at org.junit.platform.engine.support.hierarchical.Node.around(Node.java:137)
	at org.junit.platform.engine.support.hierarchical.NodeTestTask.lambda$executeRecursively$9(NodeTestTask.java:139)
	at org.junit.platform.engine.support.hierarchical.ThrowableCollector.execute(ThrowableCollector.java:73)
	at org.junit.platform.engine.support.hierarchical.NodeTestTask.executeRecursively(NodeTestTask.java:138)
	at org.junit.platform.engine.support.hierarchical.NodeTestTask.execute(NodeTestTask.java:95)
	at java.util.ArrayList.forEach(ArrayList.java:1259)
	at org.junit.platform.engine.support.hierarchical.SameThreadHierarchicalTestExecutorService.invokeAll(SameThreadHierarchicalTestExecutorService.java:41)
	at org.junit.platform.engine.support.hierarchical.NodeTestTask.lambda$executeRecursively$6(NodeTestTask.java:155)
	at org.junit.platform.engine.support.hierarchical.ThrowableCollector.execute(ThrowableCollector.java:73)
	at org.junit.platform.engine.support.hierarchical.NodeTestTask.lambda$executeRecursively$8(NodeTestTask.java:141)
	at org.junit.platform.engine.support.hierarchical.Node.around(Node.java:137)
	at org.junit.platform.engine.support.hierarchical.NodeTestTask.lambda$executeRecursively$9(NodeTestTask.java:139)
	at org.junit.platform.engine.support.hierarchical.ThrowableCollector.execute(ThrowableCollector.java:73)
	at org.junit.platform.engine.support.hierarchical.NodeTestTask.executeRecursively(NodeTestTask.java:138)
	at org.junit.platform.engine.support.hierarchical.NodeTestTask.execute(NodeTestTask.java:95)
	at org.junit.platform.engine.support.hierarchical.SameThreadHierarchicalTestExecutorService.submit(SameThreadHierarchicalTestExecutorService.java:35)
	at org.junit.platform.engine.support.hierarchical.HierarchicalTestExecutor.execute(HierarchicalTestExecutor.java:57)
	at org.junit.platform.engine.support.hierarchical.HierarchicalTestEngine.execute(HierarchicalTestEngine.java:54)
	at org.junit.platform.launcher.core.DefaultLauncher.execute(DefaultLauncher.java:220)
	at org.junit.platform.launcher.core.DefaultLauncher.lambda$execute$6(DefaultLauncher.java:188)
	at org.junit.platform.launcher.core.DefaultLauncher.withInterceptedStreams(DefaultLauncher.java:202)
	at org.junit.platform.launcher.core.DefaultLauncher.execute(DefaultLauncher.java:181)
	at org.junit.platform.launcher.core.DefaultLauncher.execute(DefaultLauncher.java:128)
	at org.apache.maven.surefire.junitplatform.JUnitPlatformProvider.invokeAllTests(JUnitPlatformProvider.java:150)
	at org.apache.maven.surefire.junitplatform.JUnitPlatformProvider.invoke(JUnitPlatformProvider.java:124)
	at org.apache.maven.surefire.booter.ForkedBooter.invokeProviderInSameClassLoader(ForkedBooter.java:384)
	at org.apache.maven.surefire.booter.ForkedBooter.runSuitesInProcess(ForkedBooter.java:345)
	at org.apache.maven.surefire.booter.ForkedBooter.execute(ForkedBooter.java:126)
	at org.apache.maven.surefire.booter.ForkedBooter.main(ForkedBooter.java:418)

2026-01-04 14:27:45.563  INFO 37216 --- [           main] o.s.b.a.h2.H2ConsoleAutoConfiguration    : H2 console available at '/h2-console'. Database available at 'jdbc:h2:mem:testdb'
2026-01-04 14:27:46.061  INFO 37216 --- [           main] .i.m.InventoryManagementApplicationTests : Started InventoryManagementApplicationTests in 6.591 seconds (JVM running for 15.922)
[INFO] Tests run: 1, Failures: 0, Errors: 0, Skipped: 0, Time elapsed: 6.617 s - in com.inventory.management.InventoryManagementApplicationTests
[INFO] Running com.inventory.management.mapper.CategoryMapperTest
[INFO] Tests run: 8, Failures: 0, Errors: 0, Skipped: 0, Time elapsed: 0.139 s - in com.inventory.management.mapper.CategoryMapperTest
[INFO] Running com.inventory.management.mapper.ProductMapperTest
[INFO] Tests run: 8, Failures: 0, Errors: 0, Skipped: 0, Time elapsed: 0.004 s - in com.inventory.management.mapper.ProductMapperTest
[INFO] Running com.inventory.management.mapper.SkuMapperTest
[INFO] Tests run: 8, Failures: 0, Errors: 0, Skipped: 0, Time elapsed: 0.011 s - in com.inventory.management.mapper.SkuMapperTest
[INFO] Running com.inventory.management.service.CategoryServiceTest
2026-01-04 14:27:46.427 DEBUG 37216 --- [           main] c.i.management.service.CategoryService   : Fetching category with ID: 999
2026-01-04 14:27:46.427  WARN 37216 --- [           main] c.i.management.service.CategoryService   : Category not found with ID: 999
2026-01-04 14:27:46.438 DEBUG 37216 --- [           main] c.i.management.service.CategoryService   : Fetching all categories
2026-01-04 14:27:46.439 DEBUG 37216 --- [           main] c.i.management.service.CategoryService   : Found 2 categories
2026-01-04 14:27:46.453 DEBUG 37216 --- [           main] c.i.management.service.CategoryService   : Creating category with name: Electronics
2026-01-04 14:27:46.453  WARN 37216 --- [           main] c.i.management.service.CategoryService   : Attempt to create duplicate category: Electronics
2026-01-04 14:27:46.456 DEBUG 37216 --- [           main] c.i.management.service.CategoryService   : Updating category with ID: 999
2026-01-04 14:27:46.457  WARN 37216 --- [           main] c.i.management.service.CategoryService   : Category not found with ID: 999
2026-01-04 14:27:46.460 DEBUG 37216 --- [           main] c.i.management.service.CategoryService   : Deleting category with ID: 999
2026-01-04 14:27:46.460  WARN 37216 --- [           main] c.i.management.service.CategoryService   : Category not found with ID: 999
2026-01-04 14:27:46.464 DEBUG 37216 --- [           main] c.i.management.service.CategoryService   : Creating category with name: Electronics
2026-01-04 14:27:46.465  INFO 37216 --- [           main] c.i.management.service.CategoryService   : Category created successfully with ID: 1
2026-01-04 14:27:46.468 DEBUG 37216 --- [           main] c.i.management.service.CategoryService   : Fetching all categories
2026-01-04 14:27:46.468 DEBUG 37216 --- [           main] c.i.management.service.CategoryService   : Found 0 categories
2026-01-04 14:27:46.470 DEBUG 37216 --- [           main] c.i.management.service.CategoryService   : Updating category with ID: 1
2026-01-04 14:27:46.471  INFO 37216 --- [           main] c.i.management.service.CategoryService   : Category updated successfully with ID: 1
2026-01-04 14:27:46.475 DEBUG 37216 --- [           main] c.i.management.service.CategoryService   : Deleting category with ID: 1
2026-01-04 14:27:46.475  WARN 37216 --- [           main] c.i.management.service.CategoryService   : Cannot delete category with ID 1 - has associated products
2026-01-04 14:27:46.479 DEBUG 37216 --- [           main] c.i.management.service.CategoryService   : Deleting category with ID: 1
2026-01-04 14:27:46.479  INFO 37216 --- [           main] c.i.management.service.CategoryService   : Category deleted successfully with ID: 1
2026-01-04 14:27:46.481 DEBUG 37216 --- [           main] c.i.management.service.CategoryService   : Fetching category with ID: 1
2026-01-04 14:27:46.483 DEBUG 37216 --- [           main] c.i.management.service.CategoryService   : Updating category with ID: 1
2026-01-04 14:27:46.483  WARN 37216 --- [           main] c.i.management.service.CategoryService   : Attempt to update category with duplicate name: Apparel
[INFO] Tests run: 12, Failures: 0, Errors: 0, Skipped: 0, Time elapsed: 0.231 s - in com.inventory.management.service.CategoryServiceTest
[INFO] Running com.inventory.management.service.ProductServiceTest
2026-01-04 14:27:46.507 DEBUG 37216 --- [           main] c.i.management.service.ProductService    : Creating product: Laptop
2026-01-04 14:27:46.508  WARN 37216 --- [           main] c.i.management.service.ProductService    : Category not found with ID: 999
2026-01-04 14:27:46.510 DEBUG 37216 --- [           main] c.i.management.service.ProductService    : Fetching product with ID: 999
2026-01-04 14:27:46.511  WARN 37216 --- [           main] c.i.management.service.ProductService    : Product not found with ID: 999
2026-01-04 14:27:46.513 DEBUG 37216 --- [           main] c.i.management.service.ProductService    : Updating product with ID: 999
2026-01-04 14:27:46.513  WARN 37216 --- [           main] c.i.management.service.ProductService    : Product not found with ID: 999
2026-01-04 14:27:46.515 DEBUG 37216 --- [           main] c.i.management.service.ProductService    : Deleting product with ID: 1
2026-01-04 14:27:46.516  INFO 37216 --- [           main] c.i.management.service.ProductService    : Product deleted successfully with ID: 1
2026-01-04 14:27:46.522 DEBUG 37216 --- [           main] c.i.management.service.ProductService    : Searching products: search=null, categoryId=null, minPrice=null, maxPrice=null, page=0, size=20
2026-01-04 14:27:46.530 DEBUG 37216 --- [           main] c.i.management.service.ProductService    : Found 2 products out of 2 total
2026-01-04 14:27:46.534 DEBUG 37216 --- [           main] c.i.management.service.ProductService    : Searching products: search=nonexistent, categoryId=null, minPrice=null, maxPrice=null, page=0, size=20
2026-01-04 14:27:46.535 DEBUG 37216 --- [           main] c.i.management.service.ProductService    : Found 0 products out of 0 total
2026-01-04 14:27:46.537 DEBUG 37216 --- [           main] c.i.management.service.ProductService    : Deleting product with ID: 999
2026-01-04 14:27:46.537  WARN 37216 --- [           main] c.i.management.service.ProductService    : Product not found with ID: 999
2026-01-04 14:27:46.539 DEBUG 37216 --- [           main] c.i.management.service.ProductService    : Creating product: Laptop
2026-01-04 14:27:46.540  INFO 37216 --- [           main] c.i.management.service.ProductService    : Product created successfully with ID: 1
2026-01-04 14:27:46.542 DEBUG 37216 --- [           main] c.i.management.service.ProductService    : Updating product with ID: 1
2026-01-04 14:27:46.543  INFO 37216 --- [           main] c.i.management.service.ProductService    : Product updated successfully with ID: 1
2026-01-04 14:27:46.545 DEBUG 37216 --- [           main] c.i.management.service.ProductService    : Searching products: search=Laptop, categoryId=1, minPrice=1000, maxPrice=2000, page=0, size=20
2026-01-04 14:27:46.545 DEBUG 37216 --- [           main] c.i.management.service.ProductService    : Found 1 products out of 1 total
2026-01-04 14:27:46.547 DEBUG 37216 --- [           main] c.i.management.service.ProductService    : Updating product with ID: 1
2026-01-04 14:27:46.547  WARN 37216 --- [           main] c.i.management.service.ProductService    : Category not found with ID: 999
2026-01-04 14:27:46.549 DEBUG 37216 --- [           main] c.i.management.service.ProductService    : Fetching product with ID: 1
[INFO] Tests run: 12, Failures: 0, Errors: 0, Skipped: 0, Time elapsed: 0.059 s - in com.inventory.management.service.ProductServiceTest
[INFO] Running com.inventory.management.service.SkuServiceTest
2026-01-04 14:27:46.611 DEBUG 37216 --- [           main] c.i.management.service.SkuService        : Fetching SKUs for product ID: 1
2026-01-04 14:27:46.611 DEBUG 37216 --- [           main] c.i.management.service.SkuService        : Found 0 SKUs for product ID: 1
2026-01-04 14:27:46.615 DEBUG 37216 --- [           main] c.i.management.service.SkuService        : Creating SKU: LAP-001
2026-01-04 14:27:46.616  WARN 37216 --- [           main] c.i.management.service.SkuService        : Attempt to create duplicate SKU code: LAP-001
2026-01-04 14:27:46.619 DEBUG 37216 --- [           main] c.i.management.service.SkuService        : Fetching SKUs for product ID: 999
2026-01-04 14:27:46.619  WARN 37216 --- [           main] c.i.management.service.SkuService        : Product not found with ID: 999
2026-01-04 14:27:46.621 DEBUG 37216 --- [           main] c.i.management.service.SkuService        : Updating SKU with ID: 1
2026-01-04 14:27:46.622  WARN 37216 --- [           main] c.i.management.service.SkuService        : Product not found with ID: 999
2026-01-04 14:27:46.623 DEBUG 37216 --- [           main] c.i.management.service.SkuService        : Deleting SKU with ID: 1
2026-01-04 14:27:46.623  INFO 37216 --- [           main] c.i.management.service.SkuService        : SKU deleted successfully with ID: 1
2026-01-04 14:27:46.626 DEBUG 37216 --- [           main] c.i.management.service.SkuService        : Creating SKU: LAP-001
2026-01-04 14:27:46.626  INFO 37216 --- [           main] c.i.management.service.SkuService        : SKU created successfully with ID: 1
2026-01-04 14:27:46.630 DEBUG 37216 --- [           main] c.i.management.service.SkuService        : Deleting SKU with ID: 999
2026-01-04 14:27:46.630  WARN 37216 --- [           main] c.i.management.service.SkuService        : SKU not found with ID: 999
2026-01-04 14:27:46.634 DEBUG 37216 --- [           main] c.i.management.service.SkuService        : Updating SKU with ID: 999
2026-01-04 14:27:46.634  WARN 37216 --- [           main] c.i.management.service.SkuService        : SKU not found with ID: 999
2026-01-04 14:27:46.636 DEBUG 37216 --- [           main] c.i.management.service.SkuService        : Fetching SKU with ID: 1
2026-01-04 14:27:46.638 DEBUG 37216 --- [           main] c.i.management.service.SkuService        : Fetching SKUs for product ID: 1
2026-01-04 14:27:46.638 DEBUG 37216 --- [           main] c.i.management.service.SkuService        : Found 2 SKUs for product ID: 1
2026-01-04 14:27:46.641 DEBUG 37216 --- [           main] c.i.management.service.SkuService        : Updating SKU with ID: 1
2026-01-04 14:27:46.642  INFO 37216 --- [           main] c.i.management.service.SkuService        : SKU updated successfully with ID: 1
2026-01-04 14:27:46.644 DEBUG 37216 --- [           main] c.i.management.service.SkuService        : Fetching SKU with ID: 999
2026-01-04 14:27:46.644  WARN 37216 --- [           main] c.i.management.service.SkuService        : SKU not found with ID: 999
2026-01-04 14:27:46.646 DEBUG 37216 --- [           main] c.i.management.service.SkuService        : Updating SKU with ID: 1
2026-01-04 14:27:46.646  WARN 37216 --- [           main] c.i.management.service.SkuService        : Attempt to update SKU with duplicate code: LAP-002
2026-01-04 14:27:46.649 DEBUG 37216 --- [           main] c.i.management.service.SkuService        : Creating SKU: LAP-001
2026-01-04 14:27:46.649  WARN 37216 --- [           main] c.i.management.service.SkuService        : Product not found with ID: 999
[INFO] Tests run: 14, Failures: 0, Errors: 0, Skipped: 0, Time elapsed: 0.095 s - in com.inventory.management.service.SkuServiceTest
2026-01-04 14:27:46.675  INFO 37216 --- [ionShutdownHook] j.LocalContainerEntityManagerFactoryBean : Closing JPA EntityManagerFactory for persistence unit 'default'
2026-01-04 14:27:46.676  INFO 37216 --- [ionShutdownHook] .SchemaDropperImpl$DelayedDropActionImpl : HHH000477: Starting delayed evictData of schema as part of SessionFactory shut-down'
2026-01-04 14:27:46.885 DEBUG 37216 --- [ionShutdownHook] org.hibernate.SQL                        : 
    
    drop table if exists categories CASCADE 
Hibernate: 
    
    drop table if exists categories CASCADE 
2026-01-04 14:27:46.890 DEBUG 37216 --- [ionShutdownHook] org.hibernate.SQL                        : 
    
    drop table if exists products CASCADE 
Hibernate: 
    
    drop table if exists products CASCADE 
2026-01-04 14:27:46.891 DEBUG 37216 --- [ionShutdownHook] org.hibernate.SQL                        : 
    
    drop table if exists skus CASCADE 
Hibernate: 
    
    drop table if exists skus CASCADE 
2026-01-04 14:27:46.894  INFO 37216 --- [ionShutdownHook] com.zaxxer.hikari.HikariDataSource       : HikariPool-1 - Shutdown initiated...
2026-01-04 14:27:46.896  INFO 37216 --- [ionShutdownHook] com.zaxxer.hikari.HikariDataSource       : HikariPool-1 - Shutdown completed.
[INFO] 
[INFO] Results:
[INFO] 
[INFO] Tests run: 115, Failures: 0, Errors: 0, Skipped: 0
[INFO] 
[INFO] 
[INFO] --- jacoco-maven-plugin:0.8.11:report (report) @ inventory-management-service ---
[INFO] Loading execution data file C:\Users\GaneshJ\Inventory Management Service\target\jacoco.exec
[INFO] Analyzed bundle 'Inventory Management Service' with 40 classes
[INFO] ------------------------------------------------------------------------
[INFO] BUILD SUCCESS
[INFO] ------------------------------------------------------------------------
[INFO] Total time:  19.957 s
[INFO] Finished at: 2026-01-04T14:27:47+05:30
[INFO] ------------------------------------------------------------------------
